test_all_fields_present_still_unreviewed_Q06 (test_ground_evidence_input.GroundEvidenceTest.test_all_fields_present_still_unreviewed_Q06) ... ok
test_bad_json_nan_and_unsupported_output_fields_Q01_Q06 (test_ground_evidence_input.GroundEvidenceTest.test_bad_json_nan_and_unsupported_output_fields_Q01_Q06) ... ok
test_chain_and_photo_identity_E01 (test_ground_evidence_input.GroundEvidenceTest.test_chain_and_photo_identity_E01) ... 
  test_chain_and_photo_identity_E01 (test_ground_evidence_input.GroundEvidenceTest.test_chain_and_photo_identity_E01) (name='chain', i=0) ... FAIL
test_identity_mutation_new_id_existing_output_Q02 (test_ground_evidence_input.GroundEvidenceTest.test_identity_mutation_new_id_existing_output_Q02) ... ok
test_missing_ground_identity_pending_Q05_Q06 (test_ground_evidence_input.GroundEvidenceTest.test_missing_ground_identity_pending_Q05_Q06) ... ok
test_pending_positive_determinism_and_no_promotion_Q01_Q06 (test_ground_evidence_input.GroundEvidenceTest.test_pending_positive_determinism_and_no_promotion_Q01_Q06) ... ok
test_protected_outputs_Q02 (test_ground_evidence_input.GroundEvidenceTest.test_protected_outputs_Q02) ... ok
test_real_photo_no_recording_no_rows_E03_E05 (test_ground_evidence_input.GroundEvidenceTest.test_real_photo_no_recording_no_rows_E03_E05) ... ok
test_rows_groups_alias_duplicates_cross_group_bounds_Q05 (test_ground_evidence_input.GroundEvidenceTest.test_rows_groups_alias_duplicates_cross_group_bounds_Q05) ... ok
test_schema_missing_units_finite_Q01 (test_ground_evidence_input.GroundEvidenceTest.test_schema_missing_units_finite_Q01) ... ok
test_window_origin_PCA_direction_units_Q04 (test_ground_evidence_input.GroundEvidenceTest.test_window_origin_PCA_direction_units_Q04) ... ok
test_wrong_binding_and_current_config_Q03 (test_ground_evidence_input.GroundEvidenceTest.test_wrong_binding_and_current_config_Q03) ... ok

======================================================================
FAIL: test_chain_and_photo_identity_E01 (test_ground_evidence_input.GroundEvidenceTest.test_chain_and_photo_identity_E01) (name='chain', i=0)
----------------------------------------------------------------------
Traceback (most recent call last):
  File "D:\Code\ldiar\src\human_fall_detection\tests\test_ground_evidence_input.py", line 175, in test_chain_and_photo_identity_E01
    self.rejects()
  File "D:\Code\ldiar\src\human_fall_detection\tests\test_ground_evidence_input.py", line 89, in rejects
    with self.assertRaises((ValueError, OSError, KeyError, TypeError)):
         ^^^^^^^^^^^^^^^^^^^^^^^^^^^^^^^^^^^^^^^^^^^^^^^^^^^^^^^^^^^^^
AssertionError: (<class 'ValueError'>, <class 'OSError'>, <class 'KeyError'>, <class 'TypeError'>) not raised

----------------------------------------------------------------------
Ran 12 tests in 1.056s

FAILED (failures=1)
