=== GL-S02 223757 golden ===
{
 "sid": "cap_20261002_223757",
 "fit_points": 6731197,
 "fit_frames": 162,
 "v2_result": "INSUFFICIENT_CLEAN_ROI_SUPPORT: clean_cells=6 independent=0 min_sep_m=0.354 condition=0.162",
 "v3_regions": [
  [
   0.75,
   0.8999999999999999,
   0.75,
   0.8999999999999999
  ],
  [
   1.05,
   1.2,
   -0.8999999999999999,
   -0.75
  ],
  [
   1.05,
   1.2,
   1.5,
   1.65
  ],
  [
   1.5,
   1.65,
   -1.2,
   -1.05
  ]
 ],
 "v3_kind": "lowest_floor_sheet_v3_fine_roi",
 "v3_roi": {
  "grid_m": 0.15,
  "clean_boxes": 34,
  "min_sep_m": 0.540027824673672,
  "independent_count": 4,
  "condition": 0.17964527298115734
 },
 "v3_selected_cells": [
  {
   "bounds": [
    0.75,
    0.8999999999999999,
    0.75,
    0.8999999999999999
   ],
   "count": 9385,
   "min_frame_count": 51,
   "height_span_m": 0.10296446979158969,
   "local_rms_m": 0.010313920581693645,
   "local_normal_z": 0.9605878383524431
  },
  {
   "bounds": [
    1.05,
    1.2,
    -0.8999999999999999,
    -0.75
   ],
   "count": 9614,
   "min_frame_count": 54,
   "height_span_m": 0.0877982940459503,
   "local_rms_m": 0.01269729923021117,
   "local_normal_z": 0.9965265545074532
  },
  {
   "bounds": [
    1.05,
    1.2,
    1.5,
    1.65
   ],
   "count": 5134,
   "min_frame_count": 27,
   "height_span_m": 0.05444549218361172,
   "local_rms_m": 0.007585485710308085,
   "local_normal_z": 0.9971603215379099
  },
  {
   "bounds": [
    1.5,
    1.65,
    -1.2,
    -1.05
   ],
   "count": 5155,
   "min_frame_count": 28,
   "height_span_m": 0.06320186540208872,
   "local_rms_m": 0.008461937046303552,
   "local_normal_z": 0.9997374909470902
  }
 ],
 "v3_sheet": {
  "occupied_cells": 3013,
  "largest_area_m2": 7.060000000000001,
  "effective_area_m2": 7.060000000000001,
  "effective_coverage": 0.9372718221042151,
  "bridging_needed": false,
  "unexplained_gap_count": 0,
  "temporal_p05": 0.7659525495750709
 },
 "seconds": 135.06,
 "checks": {
  "kind_v3": true,
  "min_sep_ok": true,
  "independent_4": true,
  "condition_ok": true,
  "v2_still_insufficient": true,
  "full_height": true,
  "no_manual": true
 },
 "pass": true
}
EXIT: 0
