-- Using CATKIN_DEVEL_PREFIX: /root/catkin_ws/hf07_verify_ws/devel
-- Using CMAKE_PREFIX_PATH: /opt/ros/noetic
-- This workspace overlays: /opt/ros/noetic
-- Found PythonInterp: /usr/bin/python3 (found suitable version "3.8.10", minimum required is "3") 
-- Using PYTHON_EXECUTABLE: /usr/bin/python3
-- Using Debian Python package layout
-- Using empy: /usr/lib/python3/dist-packages/em.py
-- Using CATKIN_ENABLE_TESTING: ON
-- Call enable_testing()
-- Using CATKIN_TEST_RESULTS_DIR: /root/catkin_ws/hf07_verify_ws/build/test_results
-- Forcing gtest/gmock from source, though one was otherwise available.
-- Found gtest sources under '/usr/src/googletest': gtests will be built
-- Found gmock sources under '/usr/src/googletest': gmock will be built
-- Found PythonInterp: /usr/bin/python3 (found version "3.8.10") 
-- Using Python nosetests: /usr/bin/nosetests3
-- catkin 0.8.12
-- BUILD_SHARED_LIBS is on
-- BUILD_SHARED_LIBS is on
-- ~~~~~~~~~~~~~~~~~~~~~~~~~~~~~~~~~~~~~~~~~~~~~~~~~
-- ~~  traversing 3 packages in topological order:
-- ~~  - inno_lidar_msg
-- ~~  - human_fall_detection
-- ~~  - human_follow_calibration
-- ~~~~~~~~~~~~~~~~~~~~~~~~~~~~~~~~~~~~~~~~~~~~~~~~~
-- +++ processing catkin package: 'inno_lidar_msg'
-- ==> add_subdirectory(inno_lidar_msg)
-- Using these message generators: gencpp;geneus;genlisp;gennodejs;genpy
-- inno_lidar_msg: 1 messages, 0 services
-- +++ processing catkin package: 'human_fall_detection'
-- ==> add_subdirectory(human_fall_detection)
-- Installing devel-space wrapper /root/catkin_ws/hf07_verify_ws/src/human_fall_detection/scripts/sensor_health.py to /root/catkin_ws/hf07_verify_ws/devel/lib/human_fall_detection
-- Installing devel-space wrapper /root/catkin_ws/hf07_verify_ws/src/human_fall_detection/scripts/record_session.py to /root/catkin_ws/hf07_verify_ws/devel/lib/human_fall_detection
-- Installing devel-space wrapper /root/catkin_ws/hf07_verify_ws/src/human_fall_detection/scripts/calibrate_sensors.py to /root/catkin_ws/hf07_verify_ws/devel/lib/human_fall_detection
-- Installing devel-space wrapper /root/catkin_ws/hf07_verify_ws/src/human_fall_detection/scripts/fall_replay.py to /root/catkin_ws/hf07_verify_ws/devel/lib/human_fall_detection
-- Installing devel-space wrapper /root/catkin_ws/hf07_verify_ws/src/human_fall_detection/scripts/human_fall_node.py to /root/catkin_ws/hf07_verify_ws/devel/lib/human_fall_detection
-- +++ processing catkin package: 'human_follow_calibration'
-- ==> add_subdirectory(human_follow_calibration)
-- Installing devel-space wrapper /root/catkin_ws/hf07_verify_ws/src/human_follow_calibration/scripts/calibrate_human_follow.py to /root/catkin_ws/hf07_verify_ws/devel/lib/human_follow_calibration
-- Installing devel-space wrapper /root/catkin_ws/hf07_verify_ws/src/human_follow_calibration/scripts/monitor_human_follow.py to /root/catkin_ws/hf07_verify_ws/devel/lib/human_follow_calibration
-- Configuring done
-- Generating done
-- Build files have been written to: /root/catkin_ws/hf07_verify_ws/build
[  0%] Built target std_msgs_generate_messages_py
[  0%] Built target std_msgs_generate_messages_eus
[  0%] Built target std_msgs_generate_messages_nodejs
[  0%] Built target std_msgs_generate_messages_lisp
[  0%] Built target _inno_lidar_msg_generate_messages_check_deps_DeviceStatus
[  0%] Built target std_msgs_generate_messages_cpp
[ 14%] Built target inno_lidar_msg_generate_messages_nodejs
[ 28%] Built target inno_lidar_msg_generate_messages_lisp
[ 57%] Built target inno_lidar_msg_generate_messages_py
[ 85%] Built target inno_lidar_msg_generate_messages_eus
[100%] Built target inno_lidar_msg_generate_messages_cpp
[100%] Built target inno_lidar_msg_generate_messages
Base path: /root/catkin_ws/hf07_verify_ws
Source space: /root/catkin_ws/hf07_verify_ws/src
Build space: /root/catkin_ws/hf07_verify_ws/build
Devel space: /root/catkin_ws/hf07_verify_ws/devel
Install space: /root/catkin_ws/hf07_verify_ws/install
####
#### Running command: "make cmake_check_build_system" in "/root/catkin_ws/hf07_verify_ws/build"
####
####
#### Running command: "make -j4" in "/root/catkin_ws/hf07_verify_ws/build"
####
