254 INFO: PyInstaller: 6.21.0, contrib hooks: 2026.6
254 INFO: Python: 3.12.10
299 INFO: Platform: Windows-11-10.0.26200-SP0
300 INFO: Python environment: C:\Users\30680\scoop\apps\python312\current
305 INFO: Module search paths (PYTHONPATH):
['D:\\Code\\ldiar\\pc_apps\\console',
 'C:\\Users\\30680\\scoop\\apps\\python312\\current\\python312.zip',
 'C:\\Users\\30680\\scoop\\apps\\python312\\current\\DLLs',
 'C:\\Users\\30680\\scoop\\apps\\python312\\current\\Lib',
 'C:\\Users\\30680\\scoop\\apps\\python312\\current',
 'C:\\Users\\30680\\AppData\\Roaming\\Python\\Python312\\site-packages',
 'C:\\Users\\30680\\scoop\\apps\\python312\\current\\Lib\\site-packages',
 'C:\\Users\\30680\\scoop\\apps\\python312\\current\\Lib\\site-packages\\win32',
 'C:\\Users\\30680\\scoop\\apps\\python312\\current\\Lib\\site-packages\\win32\\lib',
 'C:\\Users\\30680\\scoop\\apps\\python312\\current\\Lib\\site-packages\\pythonwin',
 'D:\\Code\\ldiar\\pc_apps\\console']
C:\Users\30680\scoop\apps\python312\current\Lib\site-packages\pygame\pkgdata.py:25: UserWarning: pkg_resources is deprecated as an API. See https://setuptools.pypa.io/en/latest/pkg_resources.html. The pkg_resources package is slated for removal as early as 2025-11-30. Refrain from using this package or pin to Setuptools<81.
  from pkg_resources import resource_stream, resource_exists
pygame 2.6.1 (SDL 2.28.4, Python 3.12.10)
Hello from the pygame community. https://www.pygame.org/contribute.html
1312 INFO: Appending 'datas' from .spec
1313 INFO: checking Analysis
1315 INFO: Building Analysis because Analysis-00.toc is non existent
1315 INFO: Looking for Python shared library...
1315 INFO: Using Python shared library: C:\Users\30680\scoop\apps\python312\current\python312.dll
1315 INFO: Running Analysis Analysis-00.toc
1315 INFO: Target bytecode optimization level: 0
1315 INFO: Initializing module dependency graph...
1317 INFO: Initializing module graph hook caches...
1337 INFO: Analyzing modules for base_library.zip ...
2853 INFO: Processing standard module hook 'hook-encodings.py' from 'C:\\Users\\30680\\scoop\\apps\\python312\\current\\Lib\\site-packages\\PyInstaller\\hooks'
3941 INFO: Processing standard module hook 'hook-math.py' from 'C:\\Users\\30680\\scoop\\apps\\python312\\current\\Lib\\site-packages\\PyInstaller\\hooks'
5686 INFO: Processing standard module hook 'hook-pickle.py' from 'C:\\Users\\30680\\scoop\\apps\\python312\\current\\Lib\\site-packages\\PyInstaller\\hooks'
6833 INFO: Processing standard module hook 'hook-heapq.py' from 'C:\\Users\\30680\\scoop\\apps\\python312\\current\\Lib\\site-packages\\PyInstaller\\hooks'
7510 INFO: Caching module dependency graph...
7588 INFO: Analyzing D:\Code\ldiar\pc_apps\console\console_gui.py
7942 INFO: Processing standard module hook 'hook-webview.py' from 'C:\\Users\\30680\\scoop\\apps\\python312\\current\\Lib\\site-packages\\webview\\__pyinstaller'
8083 INFO: Processing standard module hook 'hook-platform.py' from 'C:\\Users\\30680\\scoop\\apps\\python312\\current\\Lib\\site-packages\\PyInstaller\\hooks'
8244 INFO: Processing standard module hook 'hook-webbrowser.py' from 'C:\\Users\\30680\\scoop\\apps\\python312\\current\\Lib\\site-packages\\PyInstaller\\hooks'
8724 INFO: Processing standard module hook 'hook-multiprocessing.util.py' from 'C:\\Users\\30680\\scoop\\apps\\python312\\current\\Lib\\site-packages\\PyInstaller\\hooks'
8822 INFO: Processing standard module hook 'hook-xml.py' from 'C:\\Users\\30680\\scoop\\apps\\python312\\current\\Lib\\site-packages\\PyInstaller\\hooks'
9067 INFO: Processing standard module hook 'hook-_ctypes.py' from 'C:\\Users\\30680\\scoop\\apps\\python312\\current\\Lib\\site-packages\\PyInstaller\\hooks'
9530 INFO: Processing standard module hook 'hook-jinja2.py' from 'C:\\Users\\30680\\scoop\\apps\\python312\\current\\Lib\\site-packages\\_pyinstaller_hooks_contrib\\stdhooks'
9543 INFO: Processing pre-safe-import-module hook 'hook-typing_extensions.py' from 'C:\\Users\\30680\\scoop\\apps\\python312\\current\\Lib\\site-packages\\PyInstaller\\hooks\\pre_safe_import_module'
9546 INFO: SetuptoolsInfo: initializing cached setuptools info...
11026 INFO: Processing pre-safe-import-module hook 'hook-gi.py' from 'C:\\Users\\30680\\scoop\\apps\\python312\\current\\Lib\\site-packages\\PyInstaller\\hooks\\pre_safe_import_module'
11078 INFO: Processing standard module hook 'hook-PyQt5.py' from 'C:\\Users\\30680\\scoop\\apps\\python312\\current\\Lib\\site-packages\\PyInstaller\\hooks'
11354 INFO: Processing standard module hook 'hook-PyQt5.QtNetwork.py' from 'C:\\Users\\30680\\scoop\\apps\\python312\\current\\Lib\\site-packages\\PyInstaller\\hooks'
13681 INFO: Processing standard module hook 'hook-PyQt5.QtCore.py' from 'C:\\Users\\30680\\scoop\\apps\\python312\\current\\Lib\\site-packages\\PyInstaller\\hooks'
18994 INFO: Processing standard module hook 'hook-PyQt5.QtWidgets.py' from 'C:\\Users\\30680\\scoop\\apps\\python312\\current\\Lib\\site-packages\\PyInstaller\\hooks'
27960 INFO: Processing standard module hook 'hook-PyQt5.QtGui.py' from 'C:\\Users\\30680\\scoop\\apps\\python312\\current\\Lib\\site-packages\\PyInstaller\\hooks'
86126 INFO: Processing standard module hook 'hook-clr.py' from 'C:\\Users\\30680\\scoop\\apps\\python312\\current\\Lib\\site-packages\\pythonnet\\_pyinstaller'
86158 INFO: Processing standard module hook 'hook-clr_loader.py' from 'C:\\Users\\30680\\scoop\\apps\\python312\\current\\Lib\\site-packages\\_pyinstaller_hooks_contrib\\stdhooks'
86277 INFO: Processing standard module hook 'hook-pycparser.py' from 'C:\\Users\\30680\\scoop\\apps\\python312\\current\\Lib\\site-packages\\_pyinstaller_hooks_contrib\\stdhooks'
86417 INFO: Processing standard module hook 'hook-setuptools.py' from 'C:\\Users\\30680\\scoop\\apps\\python312\\current\\Lib\\site-packages\\PyInstaller\\hooks'
86432 INFO: Processing pre-safe-import-module hook 'hook-distutils.py' from 'C:\\Users\\30680\\scoop\\apps\\python312\\current\\Lib\\site-packages\\PyInstaller\\hooks\\pre_safe_import_module'
86509 INFO: Processing standard module hook 'hook-sysconfig.py' from 'C:\\Users\\30680\\scoop\\apps\\python312\\current\\Lib\\site-packages\\PyInstaller\\hooks'
86517 INFO: Processing pre-safe-import-module hook 'hook-jaraco.py' from 'C:\\Users\\30680\\scoop\\apps\\python312\\current\\Lib\\site-packages\\PyInstaller\\hooks\\pre_safe_import_module'
86517 INFO: Setuptools: 'jaraco' appears to be a full setuptools-vendored copy - creating alias to 'setuptools._vendor.jaraco'!
86530 INFO: Processing pre-safe-import-module hook 'hook-more_itertools.py' from 'C:\\Users\\30680\\scoop\\apps\\python312\\current\\Lib\\site-packages\\PyInstaller\\hooks\\pre_safe_import_module'
86531 INFO: Setuptools: 'more_itertools' appears to be a setuptools-vendored copy - creating alias to 'setuptools._vendor.more_itertools'!
86765 INFO: Processing pre-safe-import-module hook 'hook-packaging.py' from 'C:\\Users\\30680\\scoop\\apps\\python312\\current\\Lib\\site-packages\\PyInstaller\\hooks\\pre_safe_import_module'
86994 INFO: Processing standard module hook 'hook-setuptools._vendor.jaraco.text.py' from 'C:\\Users\\30680\\scoop\\apps\\python312\\current\\Lib\\site-packages\\PyInstaller\\hooks'
86997 INFO: Processing pre-safe-import-module hook 'hook-importlib_resources.py' from 'C:\\Users\\30680\\scoop\\apps\\python312\\current\\Lib\\site-packages\\PyInstaller\\hooks\\pre_safe_import_module'
87199 INFO: Processing pre-safe-import-module hook 'hook-backports.py' from 'C:\\Users\\30680\\scoop\\apps\\python312\\current\\Lib\\site-packages\\PyInstaller\\hooks\\pre_safe_import_module'
87201 INFO: Setuptools: 'backports' appears to be a partial setuptools-vendored copy - extending search paths to ['C:\\Users\\30680\\scoop\\apps\\python312\\current\\Lib\\site-packages\\setuptools\\_vendor\\backports', 'C:\\Users\\30680\\scoop\\apps\\python312\\current\\Lib\\site-packages\\backports']!
87202 INFO: Processing pre-safe-import-module hook 'hook-backports.tarfile.py' from 'C:\\Users\\30680\\scoop\\apps\\python312\\current\\Lib\\site-packages\\PyInstaller\\hooks\\pre_safe_import_module'
87204 INFO: Setuptools: 'backports.tarfile' appears to be a setuptools-vendored copy - creating alias to 'setuptools._vendor.backports.tarfile'!
87291 INFO: Processing standard module hook 'hook-backports.py' from 'C:\\Users\\30680\\scoop\\apps\\python312\\current\\Lib\\site-packages\\_pyinstaller_hooks_contrib\\stdhooks'
87393 INFO: Processing pre-safe-import-module hook 'hook-importlib_metadata.py' from 'C:\\Users\\30680\\scoop\\apps\\python312\\current\\Lib\\site-packages\\PyInstaller\\hooks\\pre_safe_import_module'
87423 INFO: Processing standard module hook 'hook-importlib_metadata.py' from 'C:\\Users\\30680\\scoop\\apps\\python312\\current\\Lib\\site-packages\\PyInstaller\\hooks'
87453 INFO: Processing pre-safe-import-module hook 'hook-zipp.py' from 'C:\\Users\\30680\\scoop\\apps\\python312\\current\\Lib\\site-packages\\PyInstaller\\hooks\\pre_safe_import_module'
87721 INFO: Processing pre-safe-import-module hook 'hook-tomli.py' from 'C:\\Users\\30680\\scoop\\apps\\python312\\current\\Lib\\site-packages\\PyInstaller\\hooks\\pre_safe_import_module'
87722 INFO: Setuptools: 'tomli' appears to be a setuptools-vendored copy - creating alias to 'setuptools._vendor.tomli'!
88377 INFO: Processing pre-safe-import-module hook 'hook-wheel.py' from 'C:\\Users\\30680\\scoop\\apps\\python312\\current\\Lib\\site-packages\\PyInstaller\\hooks\\pre_safe_import_module'
88378 INFO: Setuptools: 'wheel' appears to be a setuptools-vendored copy - creating alias to 'setuptools._vendor.wheel'!
88813 INFO: Processing standard module hook 'hook-difflib.py' from 'C:\\Users\\30680\\scoop\\apps\\python312\\current\\Lib\\site-packages\\PyInstaller\\hooks'
89341 INFO: Processing standard module hook 'hook-xml.etree.cElementTree.py' from 'C:\\Users\\30680\\scoop\\apps\\python312\\current\\Lib\\site-packages\\PyInstaller\\hooks'
89460 INFO: Processing standard module hook 'hook-cryptography.py' from 'C:\\Users\\30680\\scoop\\apps\\python312\\current\\Lib\\site-packages\\_pyinstaller_hooks_contrib\\stdhooks'
91385 INFO: hook-cryptography: cryptography does not seem to be using dynamically linked OpenSSL.
91761 INFO: Processing standard module hook 'hook-bcrypt.py' from 'C:\\Users\\30680\\scoop\\apps\\python312\\current\\Lib\\site-packages\\_pyinstaller_hooks_contrib\\stdhooks'
91772 INFO: Analyzing hidden import 'numpy'
91784 INFO: Processing standard module hook 'hook-numpy.py' from 'C:\\Users\\30680\\scoop\\apps\\python312\\current\\Lib\\site-packages\\PyInstaller\\hooks'
93001 INFO: Processing standard module hook 'hook-psutil.py' from 'C:\\Users\\30680\\scoop\\apps\\python312\\current\\Lib\\site-packages\\_pyinstaller_hooks_contrib\\stdhooks'
94433 INFO: Processing module hooks (post-graph stage)...
94434 WARNING: Hidden import "pycparser.lextab" not found!
94434 WARNING: Hidden import "pycparser.yacctab" not found!
94448 WARNING: Hidden import "sip" not found!
94558 INFO: Performing binary vs. data reclassification (181 entries)
94681 INFO: Looking for ctypes DLLs
94734 INFO: Analyzing run-time hooks ...
94738 INFO: Including run-time hook 'pyi_rth_inspect.py' from 'C:\\Users\\30680\\scoop\\apps\\python312\\current\\Lib\\site-packages\\PyInstaller\\hooks\\rthooks'
94742 INFO: Including run-time hook 'pyi_rth_pkgutil.py' from 'C:\\Users\\30680\\scoop\\apps\\python312\\current\\Lib\\site-packages\\PyInstaller\\hooks\\rthooks'
94746 INFO: Including run-time hook 'pyi_rth_multiprocessing.py' from 'C:\\Users\\30680\\scoop\\apps\\python312\\current\\Lib\\site-packages\\PyInstaller\\hooks\\rthooks'
94749 INFO: Including run-time hook 'pyi_rth_cryptography_openssl.py' from 'C:\\Users\\30680\\scoop\\apps\\python312\\current\\Lib\\site-packages\\_pyinstaller_hooks_contrib\\rthooks'
94750 INFO: Including run-time hook 'pyi_rth_setuptools.py' from 'C:\\Users\\30680\\scoop\\apps\\python312\\current\\Lib\\site-packages\\PyInstaller\\hooks\\rthooks'
94752 INFO: Including run-time hook 'pyi_rth_pyqt5.py' from 'C:\\Users\\30680\\scoop\\apps\\python312\\current\\Lib\\site-packages\\PyInstaller\\hooks\\rthooks'
94754 INFO: Processing pre-find-module-path hook 'hook-_pyi_rth_utils.py' from 'C:\\Users\\30680\\scoop\\apps\\python312\\current\\Lib\\site-packages\\PyInstaller\\hooks\\pre_find_module_path'
94758 INFO: Processing standard module hook 'hook-_pyi_rth_utils.py' from 'C:\\Users\\30680\\scoop\\apps\\python312\\current\\Lib\\site-packages\\PyInstaller\\hooks'
94783 INFO: Creating base_library.zip...
94810 INFO: Looking for dynamic libraries
C:\Users\30680\scoop\apps\python312\current\Lib\site-packages\PyInstaller\building\build_main.py:227: UserWarning: The numpy.array_api submodule is still experimental. See NEP 47.
  __import__(package)
95791 INFO: Extra DLL search directories (AddDllDirectory): ['C:\\Users\\30680\\scoop\\apps\\python312\\current\\Lib\\site-packages\\PyQt5\\Qt5\\bin', 'C:\\Users\\30680\\scoop\\apps\\python312\\current\\Lib\\site-packages\\numpy.libs']
95791 INFO: Extra DLL search directories (PATH): ['C:\\Users\\30680\\scoop\\apps\\python312\\current\\Lib\\site-packages\\PyQt5\\Qt5\\bin']
97712 INFO: Warnings written to D:\Code\ldiar\pc_apps\console\build\gl_v01\Console\warn-Console.txt
97773 INFO: Graph cross-reference written to D:\Code\ldiar\pc_apps\console\build\gl_v01\Console\xref-Console.html
97838 INFO: checking PYZ
97838 INFO: Building PYZ because PYZ-00.toc is non existent
97838 INFO: Building PYZ (ZlibArchive) D:\Code\ldiar\pc_apps\console\build\gl_v01\Console\PYZ-00.pyz
98575 INFO: Building PYZ (ZlibArchive) D:\Code\ldiar\pc_apps\console\build\gl_v01\Console\PYZ-00.pyz completed successfully.
98594 INFO: checking PKG
98595 INFO: Building PKG because PKG-00.toc is non existent
98595 INFO: Building PKG (CArchive) Console.pkg
117568 INFO: Building PKG (CArchive) Console.pkg completed successfully.
117574 INFO: Bootloader C:\Users\30680\scoop\apps\python312\current\Lib\site-packages\PyInstaller\bootloader\Windows-64bit-intel\runw.exe
117574 INFO: checking EXE
117574 INFO: Building EXE because EXE-00.toc is non existent
117574 INFO: Building EXE from EXE-00.toc
117574 INFO: Copying bootloader EXE to D:\Code\ldiar\pc_apps\console\dist\gl_v01\Console.exe
117637 INFO: Copying icon to EXE
117690 INFO: Copying 0 resources to EXE
117691 INFO: Embedding manifest in EXE
117737 INFO: Appending PKG archive to EXE
117854 INFO: Fixing EXE headers
118383 INFO: Building EXE from EXE-00.toc completed successfully.
118388 INFO: Build complete! The results are available in: D:\Code\ldiar\pc_apps\console\dist\gl_v01
