186 INFO: PyInstaller: 6.21.0, contrib hooks: 2026.6
186 INFO: Python: 3.12.10
239 INFO: Platform: Windows-11-10.0.26200-SP0
239 INFO: Python environment: C:\Users\30680\scoop\apps\python312\current
246 INFO: Module search paths (PYTHONPATH):
['D:\\Code\\ldiar\\pc_apps\\console',
 'C:\\Users\\30680\\scoop\\apps\\python312\\current\\python312.zip',
 'C:\\Users\\30680\\scoop\\apps\\python312\\current\\DLLs',
 'C:\\Users\\30680\\scoop\\apps\\python312\\current\\Lib',
 'C:\\Users\\30680\\scoop\\apps\\python312\\current',
 'C:\\Users\\30680\\AppData\\Roaming\\Python\\Python312\\site-packages',
 'C:\\Users\\30680\\scoop\\apps\\python312\\current\\Lib\\site-packages',
 'C:\\Users\\30680\\scoop\\apps\\python312\\current\\Lib\\site-packages\\win32',
 'C:\\Users\\30680\\scoop\\apps\\python312\\current\\Lib\\site-packages\\win32\\lib',
 'C:\\Users\\30680\\scoop\\apps\\python312\\current\\Lib\\site-packages\\pythonwin',
 'D:\\Code\\ldiar\\pc_apps\\console']
C:\Users\30680\scoop\apps\python312\current\Lib\site-packages\pygame\pkgdata.py:25: UserWarning: pkg_resources is deprecated as an API. See https://setuptools.pypa.io/en/latest/pkg_resources.html. The pkg_resources package is slated for removal as early as 2025-11-30. Refrain from using this package or pin to Setuptools<81.
  from pkg_resources import resource_stream, resource_exists
pygame 2.6.1 (SDL 2.28.4, Python 3.12.10)
Hello from the pygame community. https://www.pygame.org/contribute.html
1178 INFO: Appending 'datas' from .spec
1180 INFO: checking Analysis
1209 INFO: Building because D:\Code\ldiar\pc_apps\human_replay\leveling.js changed
1209 INFO: Looking for Python shared library...
1209 INFO: Using Python shared library: C:\Users\30680\scoop\apps\python312\current\python312.dll
1209 INFO: Running Analysis Analysis-00.toc
1209 INFO: Target bytecode optimization level: 0
1209 INFO: Initializing module dependency graph...
1211 INFO: Initializing module graph hook caches...
1227 INFO: Analyzing modules for base_library.zip ...
2816 INFO: Processing standard module hook 'hook-encodings.py' from 'C:\\Users\\30680\\scoop\\apps\\python312\\current\\Lib\\site-packages\\PyInstaller\\hooks'
3629 INFO: Processing standard module hook 'hook-math.py' from 'C:\\Users\\30680\\scoop\\apps\\python312\\current\\Lib\\site-packages\\PyInstaller\\hooks'
4483 INFO: Processing standard module hook 'hook-pickle.py' from 'C:\\Users\\30680\\scoop\\apps\\python312\\current\\Lib\\site-packages\\PyInstaller\\hooks'
5271 INFO: Processing standard module hook 'hook-heapq.py' from 'C:\\Users\\30680\\scoop\\apps\\python312\\current\\Lib\\site-packages\\PyInstaller\\hooks'
5659 INFO: Caching module dependency graph...
5713 INFO: Analyzing D:\Code\ldiar\pc_apps\console\console_gui.py
5998 INFO: Processing standard module hook 'hook-webview.py' from 'C:\\Users\\30680\\scoop\\apps\\python312\\current\\Lib\\site-packages\\webview\\__pyinstaller'
6096 INFO: Processing standard module hook 'hook-platform.py' from 'C:\\Users\\30680\\scoop\\apps\\python312\\current\\Lib\\site-packages\\PyInstaller\\hooks'
6212 INFO: Processing standard module hook 'hook-webbrowser.py' from 'C:\\Users\\30680\\scoop\\apps\\python312\\current\\Lib\\site-packages\\PyInstaller\\hooks'
6581 INFO: Processing standard module hook 'hook-multiprocessing.util.py' from 'C:\\Users\\30680\\scoop\\apps\\python312\\current\\Lib\\site-packages\\PyInstaller\\hooks'
6647 INFO: Processing standard module hook 'hook-xml.py' from 'C:\\Users\\30680\\scoop\\apps\\python312\\current\\Lib\\site-packages\\PyInstaller\\hooks'
6823 INFO: Processing standard module hook 'hook-_ctypes.py' from 'C:\\Users\\30680\\scoop\\apps\\python312\\current\\Lib\\site-packages\\PyInstaller\\hooks'
7173 INFO: Processing standard module hook 'hook-jinja2.py' from 'C:\\Users\\30680\\scoop\\apps\\python312\\current\\Lib\\site-packages\\_pyinstaller_hooks_contrib\\stdhooks'
7182 INFO: Processing pre-safe-import-module hook 'hook-typing_extensions.py' from 'C:\\Users\\30680\\scoop\\apps\\python312\\current\\Lib\\site-packages\\PyInstaller\\hooks\\pre_safe_import_module'
7184 INFO: SetuptoolsInfo: initializing cached setuptools info...
8639 INFO: Processing pre-safe-import-module hook 'hook-gi.py' from 'C:\\Users\\30680\\scoop\\apps\\python312\\current\\Lib\\site-packages\\PyInstaller\\hooks\\pre_safe_import_module'
8686 INFO: Processing standard module hook 'hook-PyQt5.py' from 'C:\\Users\\30680\\scoop\\apps\\python312\\current\\Lib\\site-packages\\PyInstaller\\hooks'
8899 INFO: Processing standard module hook 'hook-PyQt5.QtNetwork.py' from 'C:\\Users\\30680\\scoop\\apps\\python312\\current\\Lib\\site-packages\\PyInstaller\\hooks'
10815 INFO: Processing standard module hook 'hook-PyQt5.QtCore.py' from 'C:\\Users\\30680\\scoop\\apps\\python312\\current\\Lib\\site-packages\\PyInstaller\\hooks'
15856 INFO: Processing standard module hook 'hook-PyQt5.QtWidgets.py' from 'C:\\Users\\30680\\scoop\\apps\\python312\\current\\Lib\\site-packages\\PyInstaller\\hooks'
25067 INFO: Processing standard module hook 'hook-PyQt5.QtGui.py' from 'C:\\Users\\30680\\scoop\\apps\\python312\\current\\Lib\\site-packages\\PyInstaller\\hooks'
83524 INFO: Processing standard module hook 'hook-clr.py' from 'C:\\Users\\30680\\scoop\\apps\\python312\\current\\Lib\\site-packages\\pythonnet\\_pyinstaller'
83553 INFO: Processing standard module hook 'hook-clr_loader.py' from 'C:\\Users\\30680\\scoop\\apps\\python312\\current\\Lib\\site-packages\\_pyinstaller_hooks_contrib\\stdhooks'
83679 INFO: Processing standard module hook 'hook-pycparser.py' from 'C:\\Users\\30680\\scoop\\apps\\python312\\current\\Lib\\site-packages\\_pyinstaller_hooks_contrib\\stdhooks'
83850 INFO: Processing standard module hook 'hook-setuptools.py' from 'C:\\Users\\30680\\scoop\\apps\\python312\\current\\Lib\\site-packages\\PyInstaller\\hooks'
83868 INFO: Processing pre-safe-import-module hook 'hook-distutils.py' from 'C:\\Users\\30680\\scoop\\apps\\python312\\current\\Lib\\site-packages\\PyInstaller\\hooks\\pre_safe_import_module'
83950 INFO: Processing standard module hook 'hook-sysconfig.py' from 'C:\\Users\\30680\\scoop\\apps\\python312\\current\\Lib\\site-packages\\PyInstaller\\hooks'
83956 INFO: Processing pre-safe-import-module hook 'hook-jaraco.py' from 'C:\\Users\\30680\\scoop\\apps\\python312\\current\\Lib\\site-packages\\PyInstaller\\hooks\\pre_safe_import_module'
83957 INFO: Setuptools: 'jaraco' appears to be a full setuptools-vendored copy - creating alias to 'setuptools._vendor.jaraco'!
83970 INFO: Processing pre-safe-import-module hook 'hook-more_itertools.py' from 'C:\\Users\\30680\\scoop\\apps\\python312\\current\\Lib\\site-packages\\PyInstaller\\hooks\\pre_safe_import_module'
83971 INFO: Setuptools: 'more_itertools' appears to be a setuptools-vendored copy - creating alias to 'setuptools._vendor.more_itertools'!
84190 INFO: Processing pre-safe-import-module hook 'hook-packaging.py' from 'C:\\Users\\30680\\scoop\\apps\\python312\\current\\Lib\\site-packages\\PyInstaller\\hooks\\pre_safe_import_module'
84387 INFO: Processing standard module hook 'hook-setuptools._vendor.jaraco.text.py' from 'C:\\Users\\30680\\scoop\\apps\\python312\\current\\Lib\\site-packages\\PyInstaller\\hooks'
84390 INFO: Processing pre-safe-import-module hook 'hook-importlib_resources.py' from 'C:\\Users\\30680\\scoop\\apps\\python312\\current\\Lib\\site-packages\\PyInstaller\\hooks\\pre_safe_import_module'
84548 INFO: Processing pre-safe-import-module hook 'hook-backports.py' from 'C:\\Users\\30680\\scoop\\apps\\python312\\current\\Lib\\site-packages\\PyInstaller\\hooks\\pre_safe_import_module'
84549 INFO: Setuptools: 'backports' appears to be a partial setuptools-vendored copy - extending search paths to ['C:\\Users\\30680\\scoop\\apps\\python312\\current\\Lib\\site-packages\\setuptools\\_vendor\\backports', 'C:\\Users\\30680\\scoop\\apps\\python312\\current\\Lib\\site-packages\\backports']!
84550 INFO: Processing pre-safe-import-module hook 'hook-backports.tarfile.py' from 'C:\\Users\\30680\\scoop\\apps\\python312\\current\\Lib\\site-packages\\PyInstaller\\hooks\\pre_safe_import_module'
84551 INFO: Setuptools: 'backports.tarfile' appears to be a setuptools-vendored copy - creating alias to 'setuptools._vendor.backports.tarfile'!
84632 INFO: Processing standard module hook 'hook-backports.py' from 'C:\\Users\\30680\\scoop\\apps\\python312\\current\\Lib\\site-packages\\_pyinstaller_hooks_contrib\\stdhooks'
84701 INFO: Processing pre-safe-import-module hook 'hook-importlib_metadata.py' from 'C:\\Users\\30680\\scoop\\apps\\python312\\current\\Lib\\site-packages\\PyInstaller\\hooks\\pre_safe_import_module'
84723 INFO: Processing standard module hook 'hook-importlib_metadata.py' from 'C:\\Users\\30680\\scoop\\apps\\python312\\current\\Lib\\site-packages\\PyInstaller\\hooks'
84743 INFO: Processing pre-safe-import-module hook 'hook-zipp.py' from 'C:\\Users\\30680\\scoop\\apps\\python312\\current\\Lib\\site-packages\\PyInstaller\\hooks\\pre_safe_import_module'
84924 INFO: Processing pre-safe-import-module hook 'hook-tomli.py' from 'C:\\Users\\30680\\scoop\\apps\\python312\\current\\Lib\\site-packages\\PyInstaller\\hooks\\pre_safe_import_module'
84926 INFO: Setuptools: 'tomli' appears to be a setuptools-vendored copy - creating alias to 'setuptools._vendor.tomli'!
85351 INFO: Processing pre-safe-import-module hook 'hook-wheel.py' from 'C:\\Users\\30680\\scoop\\apps\\python312\\current\\Lib\\site-packages\\PyInstaller\\hooks\\pre_safe_import_module'
85352 INFO: Setuptools: 'wheel' appears to be a setuptools-vendored copy - creating alias to 'setuptools._vendor.wheel'!
85659 INFO: Processing standard module hook 'hook-difflib.py' from 'C:\\Users\\30680\\scoop\\apps\\python312\\current\\Lib\\site-packages\\PyInstaller\\hooks'
85997 INFO: Processing standard module hook 'hook-xml.etree.cElementTree.py' from 'C:\\Users\\30680\\scoop\\apps\\python312\\current\\Lib\\site-packages\\PyInstaller\\hooks'
86085 INFO: Processing standard module hook 'hook-cryptography.py' from 'C:\\Users\\30680\\scoop\\apps\\python312\\current\\Lib\\site-packages\\_pyinstaller_hooks_contrib\\stdhooks'
87703 INFO: hook-cryptography: cryptography does not seem to be using dynamically linked OpenSSL.
87945 INFO: Processing standard module hook 'hook-bcrypt.py' from 'C:\\Users\\30680\\scoop\\apps\\python312\\current\\Lib\\site-packages\\_pyinstaller_hooks_contrib\\stdhooks'
87954 INFO: Analyzing hidden import 'numpy'
87962 INFO: Processing standard module hook 'hook-numpy.py' from 'C:\\Users\\30680\\scoop\\apps\\python312\\current\\Lib\\site-packages\\PyInstaller\\hooks'
88659 INFO: Processing standard module hook 'hook-psutil.py' from 'C:\\Users\\30680\\scoop\\apps\\python312\\current\\Lib\\site-packages\\_pyinstaller_hooks_contrib\\stdhooks'
89787 INFO: Processing module hooks (post-graph stage)...
89789 WARNING: Hidden import "pycparser.lextab" not found!
89790 WARNING: Hidden import "pycparser.yacctab" not found!
89797 WARNING: Hidden import "sip" not found!
89863 INFO: Performing binary vs. data reclassification (181 entries)
89907 INFO: Looking for ctypes DLLs
89949 INFO: Analyzing run-time hooks ...
89955 INFO: Including run-time hook 'pyi_rth_inspect.py' from 'C:\\Users\\30680\\scoop\\apps\\python312\\current\\Lib\\site-packages\\PyInstaller\\hooks\\rthooks'
89957 INFO: Including run-time hook 'pyi_rth_pkgutil.py' from 'C:\\Users\\30680\\scoop\\apps\\python312\\current\\Lib\\site-packages\\PyInstaller\\hooks\\rthooks'
89960 INFO: Including run-time hook 'pyi_rth_multiprocessing.py' from 'C:\\Users\\30680\\scoop\\apps\\python312\\current\\Lib\\site-packages\\PyInstaller\\hooks\\rthooks'
89963 INFO: Including run-time hook 'pyi_rth_cryptography_openssl.py' from 'C:\\Users\\30680\\scoop\\apps\\python312\\current\\Lib\\site-packages\\_pyinstaller_hooks_contrib\\rthooks'
89964 INFO: Including run-time hook 'pyi_rth_setuptools.py' from 'C:\\Users\\30680\\scoop\\apps\\python312\\current\\Lib\\site-packages\\PyInstaller\\hooks\\rthooks'
89966 INFO: Including run-time hook 'pyi_rth_pyqt5.py' from 'C:\\Users\\30680\\scoop\\apps\\python312\\current\\Lib\\site-packages\\PyInstaller\\hooks\\rthooks'
89967 INFO: Processing pre-find-module-path hook 'hook-_pyi_rth_utils.py' from 'C:\\Users\\30680\\scoop\\apps\\python312\\current\\Lib\\site-packages\\PyInstaller\\hooks\\pre_find_module_path'
89971 INFO: Processing standard module hook 'hook-_pyi_rth_utils.py' from 'C:\\Users\\30680\\scoop\\apps\\python312\\current\\Lib\\site-packages\\PyInstaller\\hooks'
89995 INFO: Creating base_library.zip...
90019 INFO: Looking for dynamic libraries
C:\Users\30680\scoop\apps\python312\current\Lib\site-packages\PyInstaller\building\build_main.py:227: UserWarning: The numpy.array_api submodule is still experimental. See NEP 47.
  __import__(package)
91000 INFO: Extra DLL search directories (AddDllDirectory): ['C:\\Users\\30680\\scoop\\apps\\python312\\current\\Lib\\site-packages\\PyQt5\\Qt5\\bin', 'C:\\Users\\30680\\scoop\\apps\\python312\\current\\Lib\\site-packages\\numpy.libs']
91000 INFO: Extra DLL search directories (PATH): ['C:\\Users\\30680\\scoop\\apps\\python312\\current\\Lib\\site-packages\\PyQt5\\Qt5\\bin']
92971 INFO: Warnings written to D:\Code\ldiar\pc_apps\console\build\gl_v01\Console\warn-Console.txt
93036 INFO: Graph cross-reference written to D:\Code\ldiar\pc_apps\console\build\gl_v01\Console\xref-Console.html
93071 INFO: checking PYZ
93130 INFO: checking PKG
93149 INFO: Building because toc changed
93149 INFO: Building PKG (CArchive) Console.pkg
109557 INFO: Building PKG (CArchive) Console.pkg completed successfully.
109562 INFO: Bootloader C:\Users\30680\scoop\apps\python312\current\Lib\site-packages\PyInstaller\bootloader\Windows-64bit-intel\runw.exe
109562 INFO: checking EXE
109583 INFO: Building because toc changed
109583 INFO: Building EXE from EXE-00.toc
109591 INFO: Copying bootloader EXE to D:\Code\ldiar\pc_apps\console\dist\gl_v01\Console.exe
109652 INFO: Copying icon to EXE
109703 INFO: Copying 0 resources to EXE
109703 INFO: Embedding manifest in EXE
109754 INFO: Appending PKG archive to EXE
109882 INFO: Fixing EXE headers
110412 INFO: Building EXE from EXE-00.toc completed successfully.
110416 INFO: Build complete! The results are available in: D:\Code\ldiar\pc_apps\console\dist\gl_v01
