223757 floor diagnosis (read-only replication of floor_detector)
fit frames 162 / total points 8105838 / used (|xyz|<=100) 6731197 / out-of-bound dropped 0
occupied 25cm XY cells: 1473; clean cells: 6
cell reject counts (any reason): {'min_frame_count': 1331, 'height_span': 509, 'normal_z': 626, 'local_rms': 392}
cell first reason: {'min_frame_count': 1331, 'height_span': 135, 'clean': 6, 'normal_z': 1}
single-reason cells: {'height_span': 2, 'min_frame_count': 819, 'normal_z': 1}
reason combos: {'height_span+min_frame_count+normal_z': 122, 'height_span+normal_z': 9, 'height_span+local_rms+normal_z': 117, 'min_frame_count+normal_z': 112, 'height_span+local_rms': 7, 'clean': 6, 'height_span+local_rms+min_frame_count+normal_z': 239, 'height_span': 2, 'min_frame_count': 819, 'normal_z': 1, 'height_span+min_frame_count': 10, 'height_span+local_rms+min_frame_count': 3, 'local_rms+min_frame_count+normal_z': 26}

plane off=1.2934 pitch=25.163 roll=-0.507 discovery_voxels=1882
plane off=1.0754 pitch=32.099 roll=-5.964 discovery_voxels=1597
plane off=0.8626 pitch=32.069 roll=-5.304 discovery_voxels=1361

plane off=1.2934 matched=6 clean_gap_fail=0 would_qualify=False
   component cells=3 span_m=[0.5, 0.5] qualify=False
   component cells=3 span_m=[0.5, 0.5] qualify=False
   cell key=[2, 2] count=44552 min_frame=266 span=0.1527 rms=0.0210 nz=0.9949
   cell key=[2, 3] count=45107 min_frame=267 span=0.1569 rms=0.0238 nz=0.9911
   cell key=[3, -4] count=33077 min_frame=193 span=0.1188 rms=0.0170 nz=0.9984
   cell key=[3, 2] count=40966 min_frame=244 span=0.1438 rms=0.0231 nz=0.9816
   cell key=[4, -4] count=26314 min_frame=154 span=0.1187 rms=0.0149 nz=1.0000
   cell key=[4, -3] count=33523 min_frame=198 span=0.1264 rms=0.0154 nz=0.9734
plane off=1.0754 matched=0 clean_gap_fail=6 would_qualify=False
plane off=0.8626 matched=0 clean_gap_fail=6 would_qualify=False

floor-band cells (center_z in [-1.5,-1.05]): 132 first-reason {'min_frame_count': 68, 'height_span': 57, 'clean': 6, 'normal_z': 1}
   neighbor key=[1, 1] reasons=['height_span', 'normal_z', 'local_rms'] count=30705 per-frame min/med/max=181/189/198 below_min_frames=0 span=0.607 rms=0.0372 nz=0.312 cz=-1.173
   neighbor key=[1, 2] reasons=['height_span', 'normal_z'] count=32631 per-frame min/med/max=192/201/213 below_min_frames=0 span=0.337 rms=0.0165 nz=0.818 cz=-1.269
   neighbor key=[1, 3] reasons=['height_span', 'normal_z', 'local_rms'] count=54977 per-frame min/med/max=329/340/347 below_min_frames=0 span=0.663 rms=0.0344 nz=0.906 cz=-1.303
   neighbor key=[1, 4] reasons=['height_span', 'normal_z', 'local_rms'] count=67058 per-frame min/med/max=402/414/425 below_min_frames=0 span=0.592 rms=0.0632 nz=0.017 cz=-1.074
   neighbor key=[2, -5] reasons=['height_span', 'normal_z', 'local_rms'] count=37491 per-frame min/med/max=224/231/239 below_min_frames=0 span=0.984 rms=0.0608 nz=0.161 cz=-1.293
   neighbor key=[2, -4] reasons=['height_span', 'local_rms'] count=37678 per-frame min/med/max=223/232/240 below_min_frames=0 span=0.185 rms=0.0255 nz=0.962 cz=-1.350
   neighbor key=[2, -3] reasons=['height_span', 'local_rms'] count=42277 per-frame min/med/max=253/261/273 below_min_frames=0 span=0.191 rms=0.0300 nz=0.981 cz=-1.377
   neighbor key=[2, 1] reasons=['height_span', 'normal_z', 'local_rms'] count=36585 per-frame min/med/max=220/226/237 below_min_frames=0 span=0.545 rms=0.0405 nz=0.500 cz=-1.218
   neighbor key=[2, 4] reasons=['height_span', 'normal_z', 'local_rms'] count=46646 per-frame min/med/max=277/288/298 below_min_frames=0 span=0.564 rms=0.0625 nz=0.031 cz=-1.201
   neighbor key=[3, -5] reasons=['height_span', 'local_rms'] count=30268 per-frame min/med/max=180/187/198 below_min_frames=0 span=0.948 rms=0.0368 nz=0.964 cz=-1.322
   neighbor key=[3, -3] reasons=['height_span', 'local_rms'] count=39444 per-frame min/med/max=236/244/252 below_min_frames=0 span=0.180 rms=0.0264 nz=0.990 cz=-1.354
   neighbor key=[3, -2] reasons=['height_span', 'local_rms'] count=36280 per-frame min/med/max=217/224/230 below_min_frames=0 span=0.205 rms=0.0288 nz=0.981 cz=-1.367
   neighbor key=[3, 1] reasons=['height_span', 'normal_z', 'local_rms'] count=32794 per-frame min/med/max=195/202/212 below_min_frames=0 span=0.406 rms=0.0505 nz=0.840 cz=-1.304
   neighbor key=[3, 3] reasons=['height_span', 'local_rms'] count=31585 per-frame min/med/max=185/195/206 below_min_frames=0 span=0.517 rms=0.0370 nz=0.999 cz=-1.314
   neighbor key=[3, 4] reasons=['height_span'] count=27517 per-frame min/med/max=161/170/177 below_min_frames=0 span=0.479 rms=0.0187 nz=1.000 cz=-1.312
   neighbor key=[4, -5] reasons=['height_span', 'normal_z', 'local_rms'] count=28077 per-frame min/med/max=163/174/184 below_min_frames=0 span=0.927 rms=0.0705 nz=0.037 cz=-1.284
   neighbor key=[4, -2] reasons=['height_span', 'normal_z', 'local_rms'] count=32234 per-frame min/med/max=188/196/353 below_min_frames=0 span=1.719 rms=0.0687 nz=0.130 cz=-1.354
   neighbor key=[4, 1] reasons=['height_span', 'normal_z', 'local_rms'] count=32394 per-frame min/med/max=176/184/736 below_min_frames=0 span=1.622 rms=0.0674 nz=0.037 cz=-1.216
   neighbor key=[4, 2] reasons=['height_span', 'normal_z', 'local_rms'] count=33665 per-frame min/med/max=191/200/507 below_min_frames=0 span=1.623 rms=0.0644 nz=0.065 cz=-1.275
   neighbor key=[4, 3] reasons=['height_span', 'normal_z', 'local_rms'] count=44959 per-frame min/med/max=221/265/649 below_min_frames=0 span=1.262 rms=0.0620 nz=0.043 cz=-1.027
   neighbor key=[5, -5] reasons=['height_span', 'normal_z', 'local_rms'] count=21023 per-frame min/med/max=123/130/138 below_min_frames=0 span=0.904 rms=0.0664 nz=0.137 cz=-1.285
   neighbor key=[5, -4] reasons=['height_span', 'local_rms'] count=22058 per-frame min/med/max=130/136/146 below_min_frames=0 span=1.264 rms=0.0280 nz=0.991 cz=-1.329
   neighbor key=[5, -3] reasons=['height_span', 'normal_z', 'local_rms'] count=34368 per-frame min/med/max=138/150/707 below_min_frames=0 span=1.814 rms=0.0637 nz=0.040 cz=-1.024
   neighbor key=[5, -2] reasons=['height_span', 'normal_z', 'local_rms'] count=92600 per-frame min/med/max=146/405/2067 below_min_frames=0 span=1.957 rms=0.0613 nz=0.039 cz=-0.612

seconds 16.047
