== cap_20261002_223757  final=INSUFFICIENT_CLEAN_ROI_SUPPORT  (75.5s)
  [V1] clean=6 clusters=[3, 3]
  [A] plane off=1.2934 margin=0.2180 share=0.389 gate(lowest=True dominant=True)
      eps=0.03 sheet_pts=1412700 occ_cells=3013 comps=[2824, 17, 14, 14, 11] largest=2824(7.06m2) eff=7.06m2 cov=0.94 bridge=False gaps=0 unexp=0 max_unexp=0.00m p05=0.77
      eps=0.05 sheet_pts=1802149 occ_cells=3296 comps=[3125, 17, 16, 12, 9] largest=3125(7.81m2) eff=7.81m2 cov=0.95 bridge=False gaps=0 unexp=0 max_unexp=0.00m p05=0.79
  [B] clean_roi=6 independent=0 min_sep=0.35m cond=0.162 roi_pass=False
  gates: connected=True gap_ok=True temporal=True -> A=True
== cap_20261004_203349  final=IDENTITY_OK_ROI_OK  (46.0s)
  [V1] clean=44 clusters=[37, 6, 1]
  [A] plane off=1.2769 margin=0.1564 share=0.635 gate(lowest=True dominant=True)
      eps=0.03 sheet_pts=587508 occ_cells=2281 comps=[2088, 38, 23, 11, 10] largest=2088(5.22m2) eff=5.22m2 cov=0.92 bridge=False gaps=0 unexp=0 max_unexp=0.00m p05=0.87
      eps=0.05 sheet_pts=886206 occ_cells=2783 comps=[2625, 52, 12, 11, 10] largest=2625(6.56m2) eff=6.56m2 cov=0.94 bridge=False gaps=0 unexp=0 max_unexp=0.00m p05=0.90
  [B] clean_roi=44 independent=4 min_sep=1.46m cond=0.592 roi_pass=True
  gates: connected=True gap_ok=True temporal=True -> A=True
== cap_20261004_203135  final=IDENTITY_OK_ROI_OK  (52.0s)
  [V1] clean=30 clusters=[28, 1, 1]
  [A] plane off=1.4024 margin=0.1772 share=0.598 gate(lowest=True dominant=True)
      eps=0.03 sheet_pts=592019 occ_cells=2036 comps=[1623, 292, 14, 12, 9] largest=1623(4.06m2) eff=4.06m2 cov=0.80 bridge=False gaps=1 unexp=1 max_unexp=0.15m p05=0.87
      eps=0.05 sheet_pts=932881 occ_cells=2601 comps=[2137, 340, 18, 12, 9] largest=2137(5.34m2) eff=5.34m2 cov=0.82 bridge=False gaps=1 unexp=1 max_unexp=0.10m p05=0.91
  [B] clean_roi=30 independent=4 min_sep=1.46m cond=0.592 roi_pass=True
  gates: connected=True gap_ok=True temporal=True -> A=True
== cap_20261004_202456  final=IDENTITY_OK_ROI_OK  (41.9s)
  [V1] clean=44 clusters=[37, 6, 1]
  [A] plane off=1.2677 margin=0.1807 share=0.671 gate(lowest=True dominant=True)
      eps=0.03 sheet_pts=534555 occ_cells=2543 comps=[2311, 62, 24, 21, 13] largest=2311(5.78m2) eff=5.78m2 cov=0.91 bridge=False gaps=0 unexp=0 max_unexp=0.00m p05=0.86
      eps=0.05 sheet_pts=831693 occ_cells=3063 comps=[2942, 24, 14, 11, 6] largest=2942(7.36m2) eff=7.36m2 cov=0.96 bridge=False gaps=0 unexp=0 max_unexp=0.00m p05=0.90
  [B] clean_roi=44 independent=4 min_sep=1.46m cond=0.592 roi_pass=True
  gates: connected=True gap_ok=True temporal=True -> A=True
