
[HOST]
welcomtech
Linux welcomtech 5.10.160 #117 SMP Sun Apr 28 14:03:29 CST 2024 aarch64 aarch64 aarch64 GNU/Linux
NAME="Ubuntu"
VERSION="20.04.6 LTS (Focal Fossa)"
ID=ubuntu
ID_LIKE=debian
PRETTY_NAME="Ubuntu 20.04.6 LTS"
VERSION_ID="20.04"
HOME_URL="https://www.ubuntu.com/"
SUPPORT_URL="https://help.ubuntu.com/"
BUG_REPORT_URL="https://bugs.launchpad.net/ubuntu/"
PRIVACY_POLICY_URL="https://www.ubuntu.com/legal/terms-and-policies/privacy-policy"
VERSION_CODENAME=focal
UBUNTU_CODENAME=focal

[BOARD]
Rockchip RK3588 EVB7 LP4 V10 Board
rockchip,rk3588-evb7-lp4-v10
rockchip,rk3588

[RESOURCES]
架构：                           aarch64
CPU 运行模式：                   32-bit, 64-bit
字节序：                         Little Endian
CPU:                             8
在线 CPU 列表：                  0-7
每个核的线程数：                 1
每个座的核数：                   2
座：                             3
厂商 ID：                        ARM
型号：                           0
型号名称：                       Cortex-A55
步进：                           r2p0
CPU 最大 MHz：                   2352.0000
CPU 最小 MHz：                   408.0000
BogoMIPS：                       48.00
L1d 缓存：                       256 KiB
L1i 缓存：                       256 KiB
L2 缓存：                        1 MiB
L3 缓存：                        3 MiB
Vulnerability Itlb multihit:     Not affected
Vulnerability L1tf:              Not affected
Vulnerability Mds:               Not affected
              总计         已用        空闲      共享    缓冲/缓存    可用
内存：       7.7Gi       920Mi       4.8Gi        18Mi       2.0Gi       6.7Gi
交换：       4.0Gi          0B       4.0Gi
文件系统        容量  已用  可用 已用% 挂载点
/dev/root        57G   33G   22G   61% /
/dev/root        57G   33G   22G   61% /
Python 3.8.10

[USB]
Bus 012 Device 001: ID 1d6b:0003 Linux Foundation 3.0 root hub
Bus 011 Device 001: ID 1d6b:0002 Linux Foundation 2.0 root hub
Bus 014 Device 001: ID 1d6b:0003 Linux Foundation 3.0 root hub
Bus 013 Device 004: ID 0d8c:0012 C-Media Electronics, Inc. 
Bus 013 Device 003: ID 8087:0a2a Intel Corp. 
Bus 013 Device 002: ID 0424:2514 Microchip Technology, Inc. (formerly SMSC) USB 2.0 Hub
Bus 013 Device 001: ID 1d6b:0002 Linux Foundation 2.0 root hub
Bus 009 Device 001: ID 1d6b:0002 Linux Foundation 2.0 root hub
Bus 010 Device 001: ID 1d6b:0003 Linux Foundation 3.0 root hub
Bus 006 Device 005: ID 0bda:8153 Realtek Semiconductor Corp. RTL8153 Gigabit Ethernet Adapter
Bus 006 Device 004: ID 0bda:8153 Realtek Semiconductor Corp. RTL8153 Gigabit Ethernet Adapter
Bus 006 Device 003: ID 0bda:8153 Realtek Semiconductor Corp. RTL8153 Gigabit Ethernet Adapter
Bus 006 Device 002: ID 0bda:8153 Realtek Semiconductor Corp. RTL8153 Gigabit Ethernet Adapter
Bus 006 Device 001: ID 1d6b:0003 Linux Foundation 3.0 root hub
Bus 005 Device 001: ID 1d6b:0002 Linux Foundation 2.0 root hub
Bus 008 Device 002: ID 05e3:0626 Genesys Logic, Inc. USB3.1 Hub
Bus 008 Device 001: ID 1d6b:0003 Linux Foundation 3.0 root hub
Bus 007 Device 004: ID 0471:ec00 Philips (or NXP) USB_CAN-II
Bus 007 Device 003: ID 046d:c534 Logitech, Inc. Unifying Receiver
Bus 007 Device 005: ID 05e3:0610 Genesys Logic, Inc. 4-port hub
Bus 007 Device 002: ID 24ae:1878 RAPOO Rapoo 2.4G Wireless Device
Bus 007 Device 001: ID 1d6b:0002 Linux Foundation 2.0 root hub
Bus 004 Device 001: ID 1d6b:0001 Linux Foundation 1.1 root hub
Bus 002 Device 002: ID 1a86:55d5 QinHeng Electronics USB Quad_Serial
Bus 002 Device 001: ID 1d6b:0002 Linux Foundation 2.0 root hub
Bus 003 Device 001: ID 1d6b:0001 Linux Foundation 1.1 root hub
Bus 001 Device 001: ID 1d6b:0002 Linux Foundation 2.0 root hub

[VIDEO_DEVICES]

[IIO]
/sys/bus/iio/devices/iio:device0: fec10000.saradc

[CONTAINERS]
slam-localization	slam-localization:noetic	Up 44 hours

[ROS_INSTALLATIONS]

[RELEVANT_PROCESS_NAMES]
   2918 roscore
   2929 rosmaster
   2940 rosout
   3022 inno_lidar_node

[DOCUMENTED_WORKSPACE]
drwxr-xr-x 4 wel wel 4096 9月  29 23:20 /home/wel/slam_localization_wuhan
drwxr-xr-x 5 wel wel 4096 9月  29 15:19 /home/wel/slam_localization_wuhan/src
