
[LIVE_LINK]
lo               UNKNOWN        127.0.0.1/8 ::1/128 
eth0             DOWN           
eth1             UP             192.168.3.125/24 fe80::bc3c:5fff:febb:4207/64 
eth2             UP             192.168.1.35/24 fe80::ae2:6dff:fec4:fd47/64 
eth3             DOWN           
wlP4p65s0        DOWN           
can0             DOWN           
can1             DOWN           
eth4             DOWN           
can2             DOWN           
can3             DOWN           
docker0          DOWN           172.17.0.1/16 

[SDK_METADATA]
-rwxr-xr-x 1 501 staff 882K 8月   3 15:51 /home/wel/slam_localization_wuhan/src/inno_lidar_ros/third_party/inno_driver/lib/aarch64/libinno_driver.so
863aab8818d766d66b76cb8f5f58342e5f9829e55fef443ce7ea2779ff6de944  /home/wel/slam_localization_wuhan/src/inno_lidar_ros/third_party/inno_driver/lib/aarch64/libinno_driver.so

[SDK_IMU_DECODER_SYMBOLS]
000000000004ca18 W InnoDriver<PointCloud<PointSource> >::RegisterImuCallBack(std::function<void (std::shared_ptr<ImuMsg>)> const&, std::function<std::shared_ptr<ImuMsg> ()> const&)
000000000004d108 W InnoDriver<PointCloud<PointSource> >::Impl::RegisterImuCallBack(std::function<void (std::shared_ptr<ImuMsg>)> const&, std::function<std::shared_ptr<ImuMsg> ()> const&)
000000000004b278 W InnoDriver<PointCloud<Point> >::RegisterImuCallBack(std::function<void (std::shared_ptr<ImuMsg>)> const&, std::function<std::shared_ptr<ImuMsg> ()> const&)
000000000004b968 W InnoDriver<PointCloud<Point> >::Impl::RegisterImuCallBack(std::function<void (std::shared_ptr<ImuMsg>)> const&, std::function<std::shared_ptr<ImuMsg> ()> const&)
000000000004be48 W InnoDriver<PointCloud<PointTime> >::RegisterImuCallBack(std::function<void (std::shared_ptr<ImuMsg>)> const&, std::function<std::shared_ptr<ImuMsg> ()> const&)
000000000004c538 W InnoDriver<PointCloud<PointTime> >::Impl::RegisterImuCallBack(std::function<void (std::shared_ptr<ImuMsg>)> const&, std::function<std::shared_ptr<ImuMsg> ()> const&)
000000000005eca8 W innolight::lidar::DecoderIFN56<PointCloud<PointSource> >::SplitFrame(unsigned char const*, unsigned long, unsigned short&)
000000000005fbb8 W innolight::lidar::DecoderIFN56<PointCloud<PointSource> >::GetConstParam()
0000000000060e78 W innolight::lidar::DecoderIFN56<PointCloud<PointSource> >::DecodeMsopPacket(unsigned char const*, unsigned long, unsigned short)
000000000005ea38 W innolight::lidar::DecoderIFN56<PointCloud<PointSource> >::UpdateCheckParam(CheckParam*)
000000000005ed18 W innolight::lidar::DecoderIFN56<PointCloud<PointSource> >::EnableFinallyFrame()
000000000005fce0 W innolight::lidar::DecoderIFN56<PointCloud<PointSource> >::Impl::IsNewFrame(unsigned short const&, unsigned short const&)
000000000005fbf0 W innolight::lidar::DecoderIFN56<PointCloud<PointSource> >::Impl::SplitFrame(unsigned char const*, unsigned long, unsigned short&)
00000000000608b0 W innolight::lidar::DecoderIFN56<PointCloud<PointSource> >::Impl::DecodeMsopPacket(unsigned char const*, unsigned long, unsigned short)
000000000005fc60 W innolight::lidar::DecoderIFN56<PointCloud<PointSource> >::Impl::UpdateCheckParam(CheckParam*)
000000000005fc70 W innolight::lidar::DecoderIFN56<PointCloud<PointSource> >::Impl::EnableFinallyFrame()
000000000005fbc8 W innolight::lidar::DecoderIFN56<PointCloud<PointSource> >::Impl::Impl(innolight::lidar::DecoderIFN56<PointCloud<PointSource> >*)
000000000005fbc8 W innolight::lidar::DecoderIFN56<PointCloud<PointSource> >::Impl::Impl(innolight::lidar::DecoderIFN56<PointCloud<PointSource> >*)
000000000005fbe8 W innolight::lidar::DecoderIFN56<PointCloud<PointSource> >::Impl::~Impl()
000000000005fbe8 W innolight::lidar::DecoderIFN56<PointCloud<PointSource> >::Impl::~Impl()
0000000000060f18 W innolight::lidar::DecoderIFN56<PointCloud<PointSource> >::DecoderIFN56(DecoderParam const&)
0000000000060f18 W innolight::lidar::DecoderIFN56<PointCloud<PointSource> >::DecoderIFN56(DecoderParam const&)
000000000005f540 W innolight::lidar::DecoderIFN56<PointCloud<PointSource> >::~DecoderIFN56()
000000000005f1e8 W innolight::lidar::DecoderIFN56<PointCloud<PointSource> >::~DecoderIFN56()
000000000005f1e8 W innolight::lidar::DecoderIFN56<PointCloud<PointSource> >::~DecoderIFN56()
000000000005ebc8 W innolight::lidar::DecoderIFN56<PointCloud<Point> >::SplitFrame(unsigned char const*, unsigned long, unsigned short&)
000000000005f8e8 W innolight::lidar::DecoderIFN56<PointCloud<Point> >::GetConstParam()
00000000000602e0 W innolight::lidar::DecoderIFN56<PointCloud<Point> >::DecodeMsopPacket(unsigned char const*, unsigned long, unsigned short)
000000000005ea18 W innolight::lidar::DecoderIFN56<PointCloud<Point> >::UpdateCheckParam(CheckParam*)
000000000005ed88 W innolight::lidar::DecoderIFN56<PointCloud<Point> >::EnableFinallyFrame()
000000000005fa10 W innolight::lidar::DecoderIFN56<PointCloud<Point> >::Impl::IsNewFrame(unsigned short const&, unsigned short const&)
000000000005f920 W innolight::lidar::DecoderIFN56<PointCloud<Point> >::Impl::SplitFrame(unsigned char const*, unsigned long, unsigned short&)
000000000005fd20 W innolight::lidar::DecoderIFN56<PointCloud<Point> >::Impl::DecodeMsopPacket(unsigned char const*, unsigned long, unsigned short)
000000000005f990 W innolight::lidar::DecoderIFN56<PointCloud<Point> >::Impl::UpdateCheckParam(CheckParam*)
000000000005f9a0 W innolight::lidar::DecoderIFN56<PointCloud<Point> >::Impl::EnableFinallyFrame()
000000000005f8f8 W innolight::lidar::DecoderIFN56<PointCloud<Point> >::Impl::Impl(innolight::lidar::DecoderIFN56<PointCloud<Point> >*)
000000000005f8f8 W innolight::lidar::DecoderIFN56<PointCloud<Point> >::Impl::Impl(innolight::lidar::DecoderIFN56<PointCloud<Point> >*)
000000000005f918 W innolight::lidar::DecoderIFN56<PointCloud<Point> >::Impl::~Impl()
000000000005f918 W innolight::lidar::DecoderIFN56<PointCloud<Point> >::Impl::~Impl()
0000000000060e80 W innolight::lidar::DecoderIFN56<PointCloud<Point> >::DecoderIFN56(DecoderParam const&)
0000000000060e80 W innolight::lidar::DecoderIFN56<PointCloud<Point> >::DecoderIFN56(DecoderParam const&)
000000000005f1c0 W innolight::lidar::DecoderIFN56<PointCloud<Point> >::~DecoderIFN56()
000000000005ee68 W innolight::lidar::DecoderIFN56<PointCloud<Point> >::~DecoderIFN56()
000000000005ee68 W innolight::lidar::DecoderIFN56<PointCloud<Point> >::~DecoderIFN56()
000000000005ec38 W innolight::lidar::DecoderIFN56<PointCloud<PointTime> >::SplitFrame(unsigned char const*, unsigned long, unsigned short&)
000000000005fa50 W innolight::lidar::DecoderIFN56<PointCloud<PointTime> >::GetConstParam()
00000000000608a8 W innolight::lidar::DecoderIFN56<PointCloud<PointTime> >::DecodeMsopPacket(unsigned char const*, unsigned long, unsigned short)
000000000005ea28 W innolight::lidar::DecoderIFN56<PointCloud<PointTime> >::UpdateCheckParam(CheckParam*)
000000000005edf8 W innolight::lidar::DecoderIFN56<PointCloud<PointTime> >::EnableFinallyFrame()
000000000005fb78 W innolight::lidar::DecoderIFN56<PointCloud<PointTime> >::Impl::IsNewFrame(unsigned short const&, unsigned short const&)
000000000005fa88 W innolight::lidar::DecoderIFN56<PointCloud<PointTime> >::Impl::SplitFrame(unsigned char const*, unsigned long, unsigned short&)
00000000000602e8 W innolight::lidar::DecoderIFN56<PointCloud<PointTime> >::Impl::DecodeMsopPacket(unsigned char const*, unsigned long, unsigned short)
000000000005faf8 W innolight::lidar::DecoderIFN56<PointCloud<PointTime> >::Impl::UpdateCheckParam(CheckParam*)
000000000005fb08 W innolight::lidar::DecoderIFN56<PointCloud<PointTime> >::Impl::EnableFinallyFrame()
000000000005fa60 W innolight::lidar::DecoderIFN56<PointCloud<PointTime> >::Impl::Impl(innolight::lidar::DecoderIFN56<PointCloud<PointTime> >*)
000000000005fa60 W innolight::lidar::DecoderIFN56<PointCloud<PointTime> >::Impl::Impl(innolight::lidar::DecoderIFN56<PointCloud<PointTime> >*)
000000000005fa80 W innolight::lidar::DecoderIFN56<PointCloud<PointTime> >::Impl::~Impl()
000000000005fa80 W innolight::lidar::DecoderIFN56<PointCloud<PointTime> >::Impl::~Impl()
0000000000060fb0 W innolight::lidar::DecoderIFN56<PointCloud<PointTime> >::DecoderIFN56(DecoderParam const&)
0000000000060fb0 W innolight::lidar::DecoderIFN56<PointCloud<PointTime> >::DecoderIFN56(DecoderParam const&)
000000000005f8c0 W innolight::lidar::DecoderIFN56<PointCloud<PointTime> >::~DecoderIFN56()
000000000005f568 W innolight::lidar::DecoderIFN56<PointCloud<PointTime> >::~DecoderIFN56()
000000000005f568 W innolight::lidar::DecoderIFN56<PointCloud<PointTime> >::~DecoderIFN56()
0000000000068290 W innolight::lidar::ParamService::Impl::FromFileLoadFW192SACheckParam(std::__cxx11::basic_string<char, std::char_traits<char>, std::allocator<char> > const&)
0000000000068790 W innolight::lidar::ParamService::Impl::FromFileLoadFW192SBCheckParam(std::__cxx11::basic_string<char, std::char_traits<char>, std::allocator<char> > const&)
0000000000068d48 W innolight::lidar::ParamService::Impl::FromFileLoadIFW192SCheckParam(std::__cxx11::basic_string<char, std::char_traits<char>, std::allocator<char> > const&)
000000000004e5a0 W innolight::lidar::DecoderAOD192<PointCloud<PointSource> >::SplitFrame(unsigned char const*, unsigned long, unsigned short&)
00000000000518d8 W innolight::lidar::DecoderAOD192<PointCloud<PointSource> >::GetConstParam()
000000000004e598 W innolight::lidar::DecoderAOD192<PointCloud<PointSource> >::DecodeMsopPacket(unsigned char const*, unsigned long, unsigned short)
000000000004e5e0 W innolight::lidar::DecoderAOD192<PointCloud<PointSource> >::UpdateCheckParam(CheckParam*)
000000000004e850 W innolight::lidar::DecoderAOD192<PointCloud<PointSource> >::EnableFinallyFrame()
00000000000519d0 W innolight::lidar::DecoderAOD192<PointCloud<PointSource> >::Impl::IsNewFrame(unsigned short const&)
0000000000051910 W innolight::lidar::DecoderAOD192<PointCloud<PointSource> >::Impl::SplitFrame(unsigned char const*, unsigned long, unsigned short&)
0000000000051908 W innolight::lidar::DecoderAOD192<PointCloud<PointSource> >::Impl::DecodeMsopPacket(unsigned char const*, unsigned long, unsigned short)
0000000000051950 W innolight::lidar::DecoderAOD192<PointCloud<PointSource> >::Impl::UpdateCheckParam(CheckParam*)
0000000000051960 W innolight::lidar::DecoderAOD192<PointCloud<PointSource> >::Impl::EnableFinallyFrame()
00000000000518e8 W innolight::lidar::DecoderAOD192<PointCloud<PointSource> >::Impl::Impl(innolight::lidar::DecoderAOD192<PointCloud<PointSource> >*)
00000000000518e8 W innolight::lidar::DecoderAOD192<PointCloud<PointSource> >::Impl::Impl(innolight::lidar::DecoderAOD192<PointCloud<PointSource> >*)
0000000000051900 W innolight::lidar::DecoderAOD192<PointCloud<PointSource> >::Impl::~Impl()
0000000000051900 W innolight::lidar::DecoderAOD192<PointCloud<PointSource> >::Impl::~Impl()
0000000000051fa8 W innolight::lidar::DecoderAOD192<PointCloud<PointSource> >::DecoderAOD192(DecoderParam const&)
0000000000051fa8 W innolight::lidar::DecoderAOD192<PointCloud<PointSource> >::DecoderAOD192(DecoderParam const&)
000000000004f318 W innolight::lidar::DecoderAOD192<PointCloud<PointSource> >::~DecoderAOD192()
000000000004efc0 W innolight::lidar::DecoderAOD192<PointCloud<PointSource> >::~DecoderAOD192()
000000000004efc0 W innolight::lidar::DecoderAOD192<PointCloud<PointSource> >::~DecoderAOD192()
000000000004e4f0 W innolight::lidar::DecoderAOD192<PointCloud<Point> >::SplitFrame(unsigned char const*, unsigned long, unsigned short&)
0000000000051668 W innolight::lidar::DecoderAOD192<PointCloud<Point> >::GetConstParam()
000000000004e4e8 W innolight::lidar::DecoderAOD192<PointCloud<Point> >::DecodeMsopPacket(unsigned char const*, unsigned long, unsigned short)
000000000004e530 W innolight::lidar::DecoderAOD192<PointCloud<Point> >::UpdateCheckParam(CheckParam*)
000000000004e770 W innolight::lidar::DecoderAOD192<PointCloud<Point> >::EnableFinallyFrame()

[SDK_IMU_STRINGS]
_ZN9innolight5lidar13DriverManagerI10PointCloudI11PointSourceEE19RegisterImuCallBackERKSt8functionIFvSt10shared_ptrI6ImuMsgEEERKS6_IFS9_vEE
_ZN9innolight5lidar13DriverManagerI10PointCloudI5PointEE19RegisterImuCallBackERKSt8functionIFvSt10shared_ptrI6ImuMsgEEERKS6_IFS9_vEE
_ZN9innolight5lidar13DriverManagerI10PointCloudI9PointTimeEE19RegisterImuCallBackERKSt8functionIFvSt10shared_ptrI6ImuMsgEEERKS6_IFS9_vEE
_ZN10InnoDriverI10PointCloudI5PointEE19RegisterImuCallBackERKSt8functionIFvSt10shared_ptrI6ImuMsgEEERKS4_IFS7_vEE
_ZN10InnoDriverI10PointCloudI5PointEE4Impl19RegisterImuCallBackERKSt8functionIFvSt10shared_ptrI6ImuMsgEEERKS5_IFS8_vEE
_ZN10InnoDriverI10PointCloudI9PointTimeEE19RegisterImuCallBackERKSt8functionIFvSt10shared_ptrI6ImuMsgEEERKS4_IFS7_vEE
_ZN10InnoDriverI10PointCloudI9PointTimeEE4Impl19RegisterImuCallBackERKSt8functionIFvSt10shared_ptrI6ImuMsgEEERKS5_IFS8_vEE
_ZN10InnoDriverI10PointCloudI11PointSourceEE19RegisterImuCallBackERKSt8functionIFvSt10shared_ptrI6ImuMsgEEERKS4_IFS7_vEE
_ZN10InnoDriverI10PointCloudI11PointSourceEE4Impl19RegisterImuCallBackERKSt8functionIFvSt10shared_ptrI6ImuMsgEEERKS5_IFS8_vEE
_ZN9innolight5lidar7DecoderI10PointCloudI5PointEE19RegisterIMUCallBackERKSt8functionIFvvEE
_ZN9innolight5lidar7DecoderI10PointCloudI5PointEE9IsImuSameERKNS0_8IMUBlockES8_
_ZN9innolight5lidar7DecoderI10PointCloudI9PointTimeEE19RegisterIMUCallBackERKSt8functionIFvvEE
_ZN9innolight5lidar7DecoderI10PointCloudI9PointTimeEE9IsImuSameERKNS0_8IMUBlockES8_
_ZN9innolight5lidar7DecoderI10PointCloudI11PointSourceEE19RegisterIMUCallBackERKSt8functionIFvvEE
_ZN9innolight5lidar7DecoderI10PointCloudI11PointSourceEE9IsImuSameERKNS0_8IMUBlockES8_
_ZN9innolight5lidar14DecoderFW192SAI10PointCloudI5PointEE10SplitFrameEPKhmRt
_ZN9innolight5lidar14DecoderFW192SAI10PointCloudI5PointEE16UpdateCheckParamEP10CheckParam
_ZN9innolight5lidar14DecoderFW192SAI10PointCloudI9PointTimeEE10SplitFrameEPKhmRt
_ZN9innolight5lidar14DecoderFW192SAI10PointCloudI9PointTimeEE16UpdateCheckParamEP10CheckParam
_ZN9innolight5lidar14DecoderFW192SAI10PointCloudI11PointSourceEE10SplitFrameEPKhmRt
_ZN9innolight5lidar14DecoderFW192SAI10PointCloudI11PointSourceEE16UpdateCheckParamEP10CheckParam
_ZNSt23_Sp_counted_ptr_inplaceIN9innolight5lidar14DecoderFW192SAI10PointCloudI11PointSourceEE4ImplESaIS7_ELN9__gnu_cxx12_Lock_policyE2EED2Ev
_ZNSt23_Sp_counted_ptr_inplaceIN9innolight5lidar14DecoderFW192SAI10PointCloudI11PointSourceEE4ImplESaIS7_ELN9__gnu_cxx12_Lock_policyE2EED1Ev
_ZNSt23_Sp_counted_ptr_inplaceIN9innolight5lidar14DecoderFW192SAI10PointCloudI11PointSourceEE4ImplESaIS7_ELN9__gnu_cxx12_Lock_policyE2EE10_M_disposeEv
_ZNSt23_Sp_counted_ptr_inplaceIN9innolight5lidar14DecoderFW192SAI10PointCloudI9PointTimeEE4ImplESaIS7_ELN9__gnu_cxx12_Lock_policyE2EED2Ev
_ZNSt23_Sp_counted_ptr_inplaceIN9innolight5lidar14DecoderFW192SAI10PointCloudI9PointTimeEE4ImplESaIS7_ELN9__gnu_cxx12_Lock_policyE2EED1Ev
_ZNSt23_Sp_counted_ptr_inplaceIN9innolight5lidar14DecoderFW192SAI10PointCloudI9PointTimeEE4ImplESaIS7_ELN9__gnu_cxx12_Lock_policyE2EE10_M_disposeEv
_ZNSt23_Sp_counted_ptr_inplaceIN9innolight5lidar14DecoderFW192SAI10PointCloudI5PointEE4ImplESaIS7_ELN9__gnu_cxx12_Lock_policyE2EED2Ev
_ZNSt23_Sp_counted_ptr_inplaceIN9innolight5lidar14DecoderFW192SAI10PointCloudI5PointEE4ImplESaIS7_ELN9__gnu_cxx12_Lock_policyE2EED1Ev
_ZNSt23_Sp_counted_ptr_inplaceIN9innolight5lidar14DecoderFW192SAI10PointCloudI5PointEE4ImplESaIS7_ELN9__gnu_cxx12_Lock_policyE2EE10_M_disposeEv
_ZNSt23_Sp_counted_ptr_inplaceIN9innolight5lidar14DecoderFW192SAI10PointCloudI5PointEE4ImplESaIS7_ELN9__gnu_cxx12_Lock_policyE2EE14_M_get_deleterERKSt9type_info
_ZNSt23_Sp_counted_ptr_inplaceIN9innolight5lidar14DecoderFW192SAI10PointCloudI9PointTimeEE4ImplESaIS7_ELN9__gnu_cxx12_Lock_policyE2EE14_M_get_deleterERKSt9type_info
_ZNSt23_Sp_counted_ptr_inplaceIN9innolight5lidar14DecoderFW192SAI10PointCloudI11PointSourceEE4ImplESaIS7_ELN9__gnu_cxx12_Lock_policyE2EE14_M_get_deleterERKSt9type_info
_ZNSt23_Sp_counted_ptr_inplaceIN9innolight5lidar14DecoderFW192SAI10PointCloudI5PointEE4ImplESaIS7_ELN9__gnu_cxx12_Lock_policyE2EED0Ev
_ZNSt23_Sp_counted_ptr_inplaceIN9innolight5lidar14DecoderFW192SAI10PointCloudI9PointTimeEE4ImplESaIS7_ELN9__gnu_cxx12_Lock_policyE2EED0Ev
_ZNSt23_Sp_counted_ptr_inplaceIN9innolight5lidar14DecoderFW192SAI10PointCloudI11PointSourceEE4ImplESaIS7_ELN9__gnu_cxx12_Lock_policyE2EED0Ev
_ZNSt23_Sp_counted_ptr_inplaceIN9innolight5lidar14DecoderFW192SAI10PointCloudI11PointSourceEE4ImplESaIS7_ELN9__gnu_cxx12_Lock_policyE2EE10_M_destroyEv
_ZNSt23_Sp_counted_ptr_inplaceIN9innolight5lidar14DecoderFW192SAI10PointCloudI9PointTimeEE4ImplESaIS7_ELN9__gnu_cxx12_Lock_policyE2EE10_M_destroyEv
_ZNSt23_Sp_counted_ptr_inplaceIN9innolight5lidar14DecoderFW192SAI10PointCloudI5PointEE4ImplESaIS7_ELN9__gnu_cxx12_Lock_policyE2EE10_M_destroyEv
_ZN9innolight5lidar14DecoderFW192SAI10PointCloudI9PointTimeEE18EnableFinallyFrameEv
_ZN9innolight5lidar14DecoderFW192SAI10PointCloudI5PointEE18EnableFinallyFrameEv
_ZN9innolight5lidar14DecoderFW192SAI10PointCloudI11PointSourceEE18EnableFinallyFrameEv
_ZN9innolight5lidar14DecoderFW192SAI10PointCloudI11PointSourceEED2Ev
_ZTVN9innolight5lidar14DecoderFW192SAI10PointCloudI11PointSourceEEE
_ZN9innolight5lidar14DecoderFW192SAI10PointCloudI11PointSourceEED1Ev
_ZN9innolight5lidar14DecoderFW192SAI10PointCloudI11PointSourceEED0Ev
_ZN9innolight5lidar14DecoderFW192SAI10PointCloudI9PointTimeEED2Ev
_ZTVN9innolight5lidar14DecoderFW192SAI10PointCloudI9PointTimeEEE
_ZN9innolight5lidar14DecoderFW192SAI10PointCloudI9PointTimeEED1Ev
_ZN9innolight5lidar14DecoderFW192SAI10PointCloudI9PointTimeEED0Ev
_ZN9innolight5lidar14DecoderFW192SAI10PointCloudI5PointEED2Ev
_ZTVN9innolight5lidar14DecoderFW192SAI10PointCloudI5PointEEE
_ZN9innolight5lidar14DecoderFW192SAI10PointCloudI5PointEED1Ev
_ZN9innolight5lidar14DecoderFW192SAI10PointCloudI5PointEED0Ev
_ZN9innolight5lidar14DecoderFW192SAI10PointCloudI5PointEE13GetConstParamEv
_ZZN9innolight5lidar14DecoderFW192SAI10PointCloudI5PointEE13GetConstParamEvE5param
_ZN9innolight5lidar14DecoderFW192SAI10PointCloudI5PointEE4ImplC2EPS5_
_ZN9innolight5lidar14DecoderFW192SAI10PointCloudI5PointEE4ImplC1EPS5_
_ZN9innolight5lidar14DecoderFW192SAI10PointCloudI5PointEE4ImplD2Ev
_ZN9innolight5lidar14DecoderFW192SAI10PointCloudI5PointEE4ImplD1Ev
_ZN9innolight5lidar14DecoderFW192SAI10PointCloudI5PointEE4Impl10SplitFrameEPKhmRt
_ZN9innolight5lidar14DecoderFW192SAI10PointCloudI5PointEE4Impl16UpdateCheckParamEP10CheckParam
_ZN9innolight5lidar14DecoderFW192SAI10PointCloudI5PointEE4Impl18EnableFinallyFrameEv
_ZN9innolight5lidar14DecoderFW192SAI10PointCloudI5PointEE4Impl10IsNewFrameERKtS8_
_ZN9innolight5lidar14DecoderFW192SAI10PointCloudI9PointTimeEE13GetConstParamEv
_ZZN9innolight5lidar14DecoderFW192SAI10PointCloudI9PointTimeEE13GetConstParamEvE5param
_ZN9innolight5lidar14DecoderFW192SAI10PointCloudI9PointTimeEE4ImplC2EPS5_
_ZN9innolight5lidar14DecoderFW192SAI10PointCloudI9PointTimeEE4ImplC1EPS5_
_ZN9innolight5lidar14DecoderFW192SAI10PointCloudI9PointTimeEE4ImplD2Ev
_ZN9innolight5lidar14DecoderFW192SAI10PointCloudI9PointTimeEE4ImplD1Ev
_ZN9innolight5lidar14DecoderFW192SAI10PointCloudI9PointTimeEE4Impl10SplitFrameEPKhmRt
_ZN9innolight5lidar14DecoderFW192SAI10PointCloudI9PointTimeEE4Impl16UpdateCheckParamEP10CheckParam
_ZN9innolight5lidar14DecoderFW192SAI10PointCloudI9PointTimeEE4Impl18EnableFinallyFrameEv
_ZN9innolight5lidar14DecoderFW192SAI10PointCloudI9PointTimeEE4Impl10IsNewFrameERKtS8_
_ZN9innolight5lidar14DecoderFW192SAI10PointCloudI11PointSourceEE13GetConstParamEv
_ZZN9innolight5lidar14DecoderFW192SAI10PointCloudI11PointSourceEE13GetConstParamEvE5param
_ZN9innolight5lidar14DecoderFW192SAI10PointCloudI11PointSourceEE4ImplC2EPS5_
_ZN9innolight5lidar14DecoderFW192SAI10PointCloudI11PointSourceEE4ImplC1EPS5_
_ZN9innolight5lidar14DecoderFW192SAI10PointCloudI11PointSourceEE4ImplD2Ev
_ZN9innolight5lidar14DecoderFW192SAI10PointCloudI11PointSourceEE4ImplD1Ev
_ZN9innolight5lidar14DecoderFW192SAI10PointCloudI11PointSourceEE4Impl10SplitFrameEPKhmRt
_ZN9innolight5lidar14DecoderFW192SAI10PointCloudI11PointSourceEE4Impl16UpdateCheckParamEP10CheckParam
_ZN9innolight5lidar14DecoderFW192SAI10PointCloudI11PointSourceEE4Impl18EnableFinallyFrameEv
_ZN9innolight5lidar14DecoderFW192SAI10PointCloudI11PointSourceEE4Impl10IsNewFrameERKtS8_
_ZN9innolight5lidar14DecoderFW192SAI10PointCloudI5PointEE4Impl16DecodeMsopPacketEPKhmt
_ZN9innolight5lidar14DecoderFW192SAI10PointCloudI5PointEE16DecodeMsopPacketEPKhmt
_ZN9innolight5lidar14DecoderFW192SAI10PointCloudI9PointTimeEE4Impl16DecodeMsopPacketEPKhmt
_ZN9innolight5lidar14DecoderFW192SAI10PointCloudI9PointTimeEE16DecodeMsopPacketEPKhmt
_ZN9innolight5lidar14DecoderFW192SAI10PointCloudI11PointSourceEE4Impl16DecodeMsopPacketEPKhmt
_ZN9innolight5lidar14DecoderFW192SAI10PointCloudI11PointSourceEE16DecodeMsopPacketEPKhmt

[RUNTIME_MAPPING]

[POINT_AND_IMU_SAMPLE]
seq: 215665
stamp: 
  secs: 617
  nsecs: 133718000
frame_id: "innolidar"
---
point_probe_status=0
header: 
  seq: 5834214
  stamp: 
    secs: 618
    nsecs: 858631015
  frame_id: "innolidar"
orientation: 
  x: 0.0
  y: 0.0
  z: 0.0
  w: 0.0
orientation_covariance: [0.0, 0.0, 0.0, 0.0, 0.0, 0.0, 0.0, 0.0, 0.0]
angular_velocity: 
  x: -0.0016362451715394855
  y: 0.02181660197675228
  z: 0.016362451016902924
angular_velocity_covariance: [0.0, 0.0, 0.0, 0.0, 0.0, 0.0, 0.0, 0.0, 0.0]
linear_acceleration: 
  x: -4.218583106994629
  y: 0.17717091739177704
  z: 8.757988929748535
linear_acceleration_covariance: [0.0, 0.0, 0.0, 0.0, 0.0, 0.0, 0.0, 0.0, 0.0]
---
imu_probe_status=0

[END]
