242 INFO: PyInstaller: 6.21.0, contrib hooks: 2026.6
242 INFO: Python: 3.12.10
305 INFO: Platform: Windows-11-10.0.26200-SP0
305 INFO: Python environment: C:\Users\30680\scoop\apps\python312\current
315 INFO: Module search paths (PYTHONPATH):
['D:\\Code\\ldiar\\pc_apps\\console',
 'C:\\Users\\30680\\scoop\\apps\\python312\\current\\python312.zip',
 'C:\\Users\\30680\\scoop\\apps\\python312\\current\\DLLs',
 'C:\\Users\\30680\\scoop\\apps\\python312\\current\\Lib',
 'C:\\Users\\30680\\scoop\\apps\\python312\\current',
 'C:\\Users\\30680\\AppData\\Roaming\\Python\\Python312\\site-packages',
 'C:\\Users\\30680\\scoop\\apps\\python312\\current\\Lib\\site-packages',
 'C:\\Users\\30680\\scoop\\apps\\python312\\current\\Lib\\site-packages\\win32',
 'C:\\Users\\30680\\scoop\\apps\\python312\\current\\Lib\\site-packages\\win32\\lib',
 'C:\\Users\\30680\\scoop\\apps\\python312\\current\\Lib\\site-packages\\pythonwin',
 'D:\\Code\\ldiar\\pc_apps\\console']
C:\Users\30680\scoop\apps\python312\current\Lib\site-packages\pygame\pkgdata.py:25: UserWarning: pkg_resources is deprecated as an API. See https://setuptools.pypa.io/en/latest/pkg_resources.html. The pkg_resources package is slated for removal as early as 2025-11-30. Refrain from using this package or pin to Setuptools<81.
  from pkg_resources import resource_stream, resource_exists
pygame 2.6.1 (SDL 2.28.4, Python 3.12.10)
Hello from the pygame community. https://www.pygame.org/contribute.html
1498 INFO: Appending 'datas' from .spec
1500 INFO: checking Analysis
1500 INFO: Building Analysis because Analysis-00.toc is non existent
1500 INFO: Looking for Python shared library...
1500 INFO: Using Python shared library: C:\Users\30680\scoop\apps\python312\current\python312.dll
1500 INFO: Running Analysis Analysis-00.toc
1500 INFO: Target bytecode optimization level: 0
1500 INFO: Initializing module dependency graph...
1503 INFO: Initializing module graph hook caches...
1524 INFO: Analyzing modules for base_library.zip ...
3607 INFO: Processing standard module hook 'hook-heapq.py' from 'C:\\Users\\30680\\scoop\\apps\\python312\\current\\Lib\\site-packages\\PyInstaller\\hooks'
3727 INFO: Processing standard module hook 'hook-encodings.py' from 'C:\\Users\\30680\\scoop\\apps\\python312\\current\\Lib\\site-packages\\PyInstaller\\hooks'
6705 INFO: Processing standard module hook 'hook-math.py' from 'C:\\Users\\30680\\scoop\\apps\\python312\\current\\Lib\\site-packages\\PyInstaller\\hooks'
7197 INFO: Processing standard module hook 'hook-pickle.py' from 'C:\\Users\\30680\\scoop\\apps\\python312\\current\\Lib\\site-packages\\PyInstaller\\hooks'
10051 INFO: Caching module dependency graph...
10122 INFO: Analyzing D:\Code\ldiar\pc_apps\console\console_gui.py
10538 INFO: Processing standard module hook 'hook-webview.py' from 'C:\\Users\\30680\\scoop\\apps\\python312\\current\\Lib\\site-packages\\webview\\__pyinstaller'
10676 INFO: Processing standard module hook 'hook-platform.py' from 'C:\\Users\\30680\\scoop\\apps\\python312\\current\\Lib\\site-packages\\PyInstaller\\hooks'
10841 INFO: Processing standard module hook 'hook-webbrowser.py' from 'C:\\Users\\30680\\scoop\\apps\\python312\\current\\Lib\\site-packages\\PyInstaller\\hooks'
11445 INFO: Processing standard module hook 'hook-multiprocessing.util.py' from 'C:\\Users\\30680\\scoop\\apps\\python312\\current\\Lib\\site-packages\\PyInstaller\\hooks'
11582 INFO: Processing standard module hook 'hook-xml.py' from 'C:\\Users\\30680\\scoop\\apps\\python312\\current\\Lib\\site-packages\\PyInstaller\\hooks'
11869 INFO: Processing standard module hook 'hook-_ctypes.py' from 'C:\\Users\\30680\\scoop\\apps\\python312\\current\\Lib\\site-packages\\PyInstaller\\hooks'
12480 INFO: Processing standard module hook 'hook-jinja2.py' from 'C:\\Users\\30680\\scoop\\apps\\python312\\current\\Lib\\site-packages\\_pyinstaller_hooks_contrib\\stdhooks'
12494 INFO: Processing pre-safe-import-module hook 'hook-typing_extensions.py' from 'C:\\Users\\30680\\scoop\\apps\\python312\\current\\Lib\\site-packages\\PyInstaller\\hooks\\pre_safe_import_module'
12498 INFO: SetuptoolsInfo: initializing cached setuptools info...
14579 INFO: Processing pre-safe-import-module hook 'hook-gi.py' from 'C:\\Users\\30680\\scoop\\apps\\python312\\current\\Lib\\site-packages\\PyInstaller\\hooks\\pre_safe_import_module'
14657 INFO: Processing standard module hook 'hook-PyQt5.py' from 'C:\\Users\\30680\\scoop\\apps\\python312\\current\\Lib\\site-packages\\PyInstaller\\hooks'
14972 INFO: Processing standard module hook 'hook-PyQt5.QtNetwork.py' from 'C:\\Users\\30680\\scoop\\apps\\python312\\current\\Lib\\site-packages\\PyInstaller\\hooks'
17825 INFO: Processing standard module hook 'hook-PyQt5.QtCore.py' from 'C:\\Users\\30680\\scoop\\apps\\python312\\current\\Lib\\site-packages\\PyInstaller\\hooks'
23702 INFO: Processing standard module hook 'hook-PyQt5.QtWidgets.py' from 'C:\\Users\\30680\\scoop\\apps\\python312\\current\\Lib\\site-packages\\PyInstaller\\hooks'
34612 INFO: Processing standard module hook 'hook-PyQt5.QtGui.py' from 'C:\\Users\\30680\\scoop\\apps\\python312\\current\\Lib\\site-packages\\PyInstaller\\hooks'
108361 INFO: Processing standard module hook 'hook-clr.py' from 'C:\\Users\\30680\\scoop\\apps\\python312\\current\\Lib\\site-packages\\pythonnet\\_pyinstaller'
108394 INFO: Processing standard module hook 'hook-clr_loader.py' from 'C:\\Users\\30680\\scoop\\apps\\python312\\current\\Lib\\site-packages\\_pyinstaller_hooks_contrib\\stdhooks'
108509 INFO: Processing standard module hook 'hook-pycparser.py' from 'C:\\Users\\30680\\scoop\\apps\\python312\\current\\Lib\\site-packages\\_pyinstaller_hooks_contrib\\stdhooks'
108662 INFO: Processing standard module hook 'hook-setuptools.py' from 'C:\\Users\\30680\\scoop\\apps\\python312\\current\\Lib\\site-packages\\PyInstaller\\hooks'
108675 INFO: Processing pre-safe-import-module hook 'hook-distutils.py' from 'C:\\Users\\30680\\scoop\\apps\\python312\\current\\Lib\\site-packages\\PyInstaller\\hooks\\pre_safe_import_module'
108754 INFO: Processing standard module hook 'hook-sysconfig.py' from 'C:\\Users\\30680\\scoop\\apps\\python312\\current\\Lib\\site-packages\\PyInstaller\\hooks'
108761 INFO: Processing pre-safe-import-module hook 'hook-jaraco.py' from 'C:\\Users\\30680\\scoop\\apps\\python312\\current\\Lib\\site-packages\\PyInstaller\\hooks\\pre_safe_import_module'
108763 INFO: Setuptools: 'jaraco' appears to be a full setuptools-vendored copy - creating alias to 'setuptools._vendor.jaraco'!
108774 INFO: Processing pre-safe-import-module hook 'hook-more_itertools.py' from 'C:\\Users\\30680\\scoop\\apps\\python312\\current\\Lib\\site-packages\\PyInstaller\\hooks\\pre_safe_import_module'
108775 INFO: Setuptools: 'more_itertools' appears to be a setuptools-vendored copy - creating alias to 'setuptools._vendor.more_itertools'!
109024 INFO: Processing pre-safe-import-module hook 'hook-packaging.py' from 'C:\\Users\\30680\\scoop\\apps\\python312\\current\\Lib\\site-packages\\PyInstaller\\hooks\\pre_safe_import_module'
109291 INFO: Processing standard module hook 'hook-setuptools._vendor.jaraco.text.py' from 'C:\\Users\\30680\\scoop\\apps\\python312\\current\\Lib\\site-packages\\PyInstaller\\hooks'
109294 INFO: Processing pre-safe-import-module hook 'hook-importlib_resources.py' from 'C:\\Users\\30680\\scoop\\apps\\python312\\current\\Lib\\site-packages\\PyInstaller\\hooks\\pre_safe_import_module'
109520 INFO: Processing pre-safe-import-module hook 'hook-backports.py' from 'C:\\Users\\30680\\scoop\\apps\\python312\\current\\Lib\\site-packages\\PyInstaller\\hooks\\pre_safe_import_module'
109521 INFO: Setuptools: 'backports' appears to be a partial setuptools-vendored copy - extending search paths to ['C:\\Users\\30680\\scoop\\apps\\python312\\current\\Lib\\site-packages\\setuptools\\_vendor\\backports', 'C:\\Users\\30680\\scoop\\apps\\python312\\current\\Lib\\site-packages\\backports']!
109523 INFO: Processing pre-safe-import-module hook 'hook-backports.tarfile.py' from 'C:\\Users\\30680\\scoop\\apps\\python312\\current\\Lib\\site-packages\\PyInstaller\\hooks\\pre_safe_import_module'
109524 INFO: Setuptools: 'backports.tarfile' appears to be a setuptools-vendored copy - creating alias to 'setuptools._vendor.backports.tarfile'!
109651 INFO: Processing standard module hook 'hook-backports.py' from 'C:\\Users\\30680\\scoop\\apps\\python312\\current\\Lib\\site-packages\\_pyinstaller_hooks_contrib\\stdhooks'
109759 INFO: Processing pre-safe-import-module hook 'hook-importlib_metadata.py' from 'C:\\Users\\30680\\scoop\\apps\\python312\\current\\Lib\\site-packages\\PyInstaller\\hooks\\pre_safe_import_module'
109797 INFO: Processing standard module hook 'hook-importlib_metadata.py' from 'C:\\Users\\30680\\scoop\\apps\\python312\\current\\Lib\\site-packages\\PyInstaller\\hooks'
109827 INFO: Processing pre-safe-import-module hook 'hook-zipp.py' from 'C:\\Users\\30680\\scoop\\apps\\python312\\current\\Lib\\site-packages\\PyInstaller\\hooks\\pre_safe_import_module'
110061 INFO: Processing pre-safe-import-module hook 'hook-tomli.py' from 'C:\\Users\\30680\\scoop\\apps\\python312\\current\\Lib\\site-packages\\PyInstaller\\hooks\\pre_safe_import_module'
110063 INFO: Setuptools: 'tomli' appears to be a setuptools-vendored copy - creating alias to 'setuptools._vendor.tomli'!
110597 INFO: Processing pre-safe-import-module hook 'hook-wheel.py' from 'C:\\Users\\30680\\scoop\\apps\\python312\\current\\Lib\\site-packages\\PyInstaller\\hooks\\pre_safe_import_module'
110599 INFO: Setuptools: 'wheel' appears to be a setuptools-vendored copy - creating alias to 'setuptools._vendor.wheel'!
111021 INFO: Processing standard module hook 'hook-difflib.py' from 'C:\\Users\\30680\\scoop\\apps\\python312\\current\\Lib\\site-packages\\PyInstaller\\hooks'
111518 INFO: Processing standard module hook 'hook-xml.etree.cElementTree.py' from 'C:\\Users\\30680\\scoop\\apps\\python312\\current\\Lib\\site-packages\\PyInstaller\\hooks'
111612 INFO: Processing standard module hook 'hook-cryptography.py' from 'C:\\Users\\30680\\scoop\\apps\\python312\\current\\Lib\\site-packages\\_pyinstaller_hooks_contrib\\stdhooks'
113658 INFO: hook-cryptography: cryptography does not seem to be using dynamically linked OpenSSL.
113989 INFO: Processing standard module hook 'hook-bcrypt.py' from 'C:\\Users\\30680\\scoop\\apps\\python312\\current\\Lib\\site-packages\\_pyinstaller_hooks_contrib\\stdhooks'
114000 INFO: Analyzing hidden import 'numpy'
114014 INFO: Processing standard module hook 'hook-numpy.py' from 'C:\\Users\\30680\\scoop\\apps\\python312\\current\\Lib\\site-packages\\PyInstaller\\hooks'
114890 INFO: Processing standard module hook 'hook-psutil.py' from 'C:\\Users\\30680\\scoop\\apps\\python312\\current\\Lib\\site-packages\\_pyinstaller_hooks_contrib\\stdhooks'
116402 INFO: Processing module hooks (post-graph stage)...
116405 WARNING: Hidden import "pycparser.lextab" not found!
116406 WARNING: Hidden import "pycparser.yacctab" not found!
116421 WARNING: Hidden import "sip" not found!
116553 INFO: Performing binary vs. data reclassification (183 entries)
116633 INFO: Looking for ctypes DLLs
116701 INFO: Analyzing run-time hooks ...
116708 INFO: Including run-time hook 'pyi_rth_inspect.py' from 'C:\\Users\\30680\\scoop\\apps\\python312\\current\\Lib\\site-packages\\PyInstaller\\hooks\\rthooks'
116713 INFO: Including run-time hook 'pyi_rth_pkgutil.py' from 'C:\\Users\\30680\\scoop\\apps\\python312\\current\\Lib\\site-packages\\PyInstaller\\hooks\\rthooks'
116718 INFO: Including run-time hook 'pyi_rth_multiprocessing.py' from 'C:\\Users\\30680\\scoop\\apps\\python312\\current\\Lib\\site-packages\\PyInstaller\\hooks\\rthooks'
116721 INFO: Including run-time hook 'pyi_rth_cryptography_openssl.py' from 'C:\\Users\\30680\\scoop\\apps\\python312\\current\\Lib\\site-packages\\_pyinstaller_hooks_contrib\\rthooks'
116723 INFO: Including run-time hook 'pyi_rth_setuptools.py' from 'C:\\Users\\30680\\scoop\\apps\\python312\\current\\Lib\\site-packages\\PyInstaller\\hooks\\rthooks'
116725 INFO: Including run-time hook 'pyi_rth_pyqt5.py' from 'C:\\Users\\30680\\scoop\\apps\\python312\\current\\Lib\\site-packages\\PyInstaller\\hooks\\rthooks'
116728 INFO: Processing pre-find-module-path hook 'hook-_pyi_rth_utils.py' from 'C:\\Users\\30680\\scoop\\apps\\python312\\current\\Lib\\site-packages\\PyInstaller\\hooks\\pre_find_module_path'
116732 INFO: Processing standard module hook 'hook-_pyi_rth_utils.py' from 'C:\\Users\\30680\\scoop\\apps\\python312\\current\\Lib\\site-packages\\PyInstaller\\hooks'
116761 INFO: Creating base_library.zip...
116790 INFO: Looking for dynamic libraries
C:\Users\30680\scoop\apps\python312\current\Lib\site-packages\PyInstaller\building\build_main.py:227: UserWarning: The numpy.array_api submodule is still experimental. See NEP 47.
  __import__(package)
117928 INFO: Extra DLL search directories (AddDllDirectory): ['C:\\Users\\30680\\scoop\\apps\\python312\\current\\Lib\\site-packages\\PyQt5\\Qt5\\bin', 'C:\\Users\\30680\\scoop\\apps\\python312\\current\\Lib\\site-packages\\numpy.libs']
117928 INFO: Extra DLL search directories (PATH): ['C:\\Users\\30680\\scoop\\apps\\python312\\current\\Lib\\site-packages\\PyQt5\\Qt5\\bin']
120251 INFO: Warnings written to D:\Code\ldiar\pc_apps\console\build\gl_v01_floor_r2\Console\warn-Console.txt
120325 INFO: Graph cross-reference written to D:\Code\ldiar\pc_apps\console\build\gl_v01_floor_r2\Console\xref-Console.html
120363 INFO: checking PYZ
120363 INFO: Building PYZ because PYZ-00.toc is non existent
120363 INFO: Building PYZ (ZlibArchive) D:\Code\ldiar\pc_apps\console\build\gl_v01_floor_r2\Console\PYZ-00.pyz
121142 INFO: Building PYZ (ZlibArchive) D:\Code\ldiar\pc_apps\console\build\gl_v01_floor_r2\Console\PYZ-00.pyz completed successfully.
121178 INFO: checking PKG
121178 INFO: Building PKG because PKG-00.toc is non existent
121178 INFO: Building PKG (CArchive) Console.pkg
142126 INFO: Building PKG (CArchive) Console.pkg completed successfully.
142143 INFO: Bootloader C:\Users\30680\scoop\apps\python312\current\Lib\site-packages\PyInstaller\bootloader\Windows-64bit-intel\runw.exe
142143 INFO: checking EXE
142143 INFO: Building EXE because EXE-00.toc is non existent
142143 INFO: Building EXE from EXE-00.toc
142144 INFO: Copying bootloader EXE to D:\Code\ldiar\pc_apps\console\dist\gl_v01_floor_r2\Console.exe
142212 INFO: Copying icon to EXE
142280 INFO: Copying 0 resources to EXE
142280 INFO: Embedding manifest in EXE
142333 INFO: Appending PKG archive to EXE
142500 INFO: Fixing EXE headers
143060 INFO: Building EXE from EXE-00.toc completed successfully.
143067 INFO: Build complete! The results are available in: D:\Code\ldiar\pc_apps\console\dist\gl_v01_floor_r2
