215 INFO: PyInstaller: 6.21.0, contrib hooks: 2026.6
215 INFO: Python: 3.12.10
272 INFO: Platform: Windows-11-10.0.26200-SP0
272 INFO: Python environment: C:\Users\30680\scoop\apps\python312\current
280 INFO: Module search paths (PYTHONPATH):
['D:\\Code\\ldiar\\pc_apps\\console',
 'C:\\Users\\30680\\scoop\\apps\\python312\\current\\python312.zip',
 'C:\\Users\\30680\\scoop\\apps\\python312\\current\\DLLs',
 'C:\\Users\\30680\\scoop\\apps\\python312\\current\\Lib',
 'C:\\Users\\30680\\scoop\\apps\\python312\\current',
 'C:\\Users\\30680\\AppData\\Roaming\\Python\\Python312\\site-packages',
 'C:\\Users\\30680\\scoop\\apps\\python312\\current\\Lib\\site-packages',
 'C:\\Users\\30680\\scoop\\apps\\python312\\current\\Lib\\site-packages\\win32',
 'C:\\Users\\30680\\scoop\\apps\\python312\\current\\Lib\\site-packages\\win32\\lib',
 'C:\\Users\\30680\\scoop\\apps\\python312\\current\\Lib\\site-packages\\pythonwin',
 'D:\\Code\\ldiar\\pc_apps\\console']
C:\Users\30680\scoop\apps\python312\current\Lib\site-packages\pygame\pkgdata.py:25: UserWarning: pkg_resources is deprecated as an API. See https://setuptools.pypa.io/en/latest/pkg_resources.html. The pkg_resources package is slated for removal as early as 2025-11-30. Refrain from using this package or pin to Setuptools<81.
  from pkg_resources import resource_stream, resource_exists
pygame 2.6.1 (SDL 2.28.4, Python 3.12.10)
Hello from the pygame community. https://www.pygame.org/contribute.html
1335 INFO: Appending 'datas' from .spec
1337 INFO: checking Analysis
1348 INFO: Building because D:\Code\ldiar\pc_apps\human_replay\leveling.js changed
1348 INFO: Looking for Python shared library...
1348 INFO: Using Python shared library: C:\Users\30680\scoop\apps\python312\current\python312.dll
1348 INFO: Running Analysis Analysis-00.toc
1348 INFO: Target bytecode optimization level: 0
1348 INFO: Initializing module dependency graph...
1350 INFO: Initializing module graph hook caches...
1371 INFO: Analyzing modules for base_library.zip ...
3101 INFO: Processing standard module hook 'hook-heapq.py' from 'C:\\Users\\30680\\scoop\\apps\\python312\\current\\Lib\\site-packages\\PyInstaller\\hooks'
3230 INFO: Processing standard module hook 'hook-encodings.py' from 'C:\\Users\\30680\\scoop\\apps\\python312\\current\\Lib\\site-packages\\PyInstaller\\hooks'
4748 INFO: Processing standard module hook 'hook-math.py' from 'C:\\Users\\30680\\scoop\\apps\\python312\\current\\Lib\\site-packages\\PyInstaller\\hooks'
4937 INFO: Processing standard module hook 'hook-pickle.py' from 'C:\\Users\\30680\\scoop\\apps\\python312\\current\\Lib\\site-packages\\PyInstaller\\hooks'
6590 INFO: Caching module dependency graph...
6652 INFO: Analyzing D:\Code\ldiar\pc_apps\console\console_gui.py
6910 INFO: Processing standard module hook 'hook-webview.py' from 'C:\\Users\\30680\\scoop\\apps\\python312\\current\\Lib\\site-packages\\webview\\__pyinstaller'
7012 INFO: Processing standard module hook 'hook-platform.py' from 'C:\\Users\\30680\\scoop\\apps\\python312\\current\\Lib\\site-packages\\PyInstaller\\hooks'
7132 INFO: Processing standard module hook 'hook-webbrowser.py' from 'C:\\Users\\30680\\scoop\\apps\\python312\\current\\Lib\\site-packages\\PyInstaller\\hooks'
7547 INFO: Processing standard module hook 'hook-multiprocessing.util.py' from 'C:\\Users\\30680\\scoop\\apps\\python312\\current\\Lib\\site-packages\\PyInstaller\\hooks'
7620 INFO: Processing standard module hook 'hook-xml.py' from 'C:\\Users\\30680\\scoop\\apps\\python312\\current\\Lib\\site-packages\\PyInstaller\\hooks'
7802 INFO: Processing standard module hook 'hook-_ctypes.py' from 'C:\\Users\\30680\\scoop\\apps\\python312\\current\\Lib\\site-packages\\PyInstaller\\hooks'
8331 INFO: Processing standard module hook 'hook-jinja2.py' from 'C:\\Users\\30680\\scoop\\apps\\python312\\current\\Lib\\site-packages\\_pyinstaller_hooks_contrib\\stdhooks'
8341 INFO: Processing pre-safe-import-module hook 'hook-typing_extensions.py' from 'C:\\Users\\30680\\scoop\\apps\\python312\\current\\Lib\\site-packages\\PyInstaller\\hooks\\pre_safe_import_module'
8347 INFO: SetuptoolsInfo: initializing cached setuptools info...
9922 INFO: Processing pre-safe-import-module hook 'hook-gi.py' from 'C:\\Users\\30680\\scoop\\apps\\python312\\current\\Lib\\site-packages\\PyInstaller\\hooks\\pre_safe_import_module'
9978 INFO: Processing standard module hook 'hook-PyQt5.py' from 'C:\\Users\\30680\\scoop\\apps\\python312\\current\\Lib\\site-packages\\PyInstaller\\hooks'
10227 INFO: Processing standard module hook 'hook-PyQt5.QtNetwork.py' from 'C:\\Users\\30680\\scoop\\apps\\python312\\current\\Lib\\site-packages\\PyInstaller\\hooks'
12526 INFO: Processing standard module hook 'hook-PyQt5.QtCore.py' from 'C:\\Users\\30680\\scoop\\apps\\python312\\current\\Lib\\site-packages\\PyInstaller\\hooks'
17910 INFO: Processing standard module hook 'hook-PyQt5.QtWidgets.py' from 'C:\\Users\\30680\\scoop\\apps\\python312\\current\\Lib\\site-packages\\PyInstaller\\hooks'
28022 INFO: Processing standard module hook 'hook-PyQt5.QtGui.py' from 'C:\\Users\\30680\\scoop\\apps\\python312\\current\\Lib\\site-packages\\PyInstaller\\hooks'
91786 INFO: Processing standard module hook 'hook-clr.py' from 'C:\\Users\\30680\\scoop\\apps\\python312\\current\\Lib\\site-packages\\pythonnet\\_pyinstaller'
91812 INFO: Processing standard module hook 'hook-clr_loader.py' from 'C:\\Users\\30680\\scoop\\apps\\python312\\current\\Lib\\site-packages\\_pyinstaller_hooks_contrib\\stdhooks'
91912 INFO: Processing standard module hook 'hook-pycparser.py' from 'C:\\Users\\30680\\scoop\\apps\\python312\\current\\Lib\\site-packages\\_pyinstaller_hooks_contrib\\stdhooks'
92038 INFO: Processing standard module hook 'hook-setuptools.py' from 'C:\\Users\\30680\\scoop\\apps\\python312\\current\\Lib\\site-packages\\PyInstaller\\hooks'
92050 INFO: Processing pre-safe-import-module hook 'hook-distutils.py' from 'C:\\Users\\30680\\scoop\\apps\\python312\\current\\Lib\\site-packages\\PyInstaller\\hooks\\pre_safe_import_module'
92117 INFO: Processing standard module hook 'hook-sysconfig.py' from 'C:\\Users\\30680\\scoop\\apps\\python312\\current\\Lib\\site-packages\\PyInstaller\\hooks'
92122 INFO: Processing pre-safe-import-module hook 'hook-jaraco.py' from 'C:\\Users\\30680\\scoop\\apps\\python312\\current\\Lib\\site-packages\\PyInstaller\\hooks\\pre_safe_import_module'
92124 INFO: Setuptools: 'jaraco' appears to be a full setuptools-vendored copy - creating alias to 'setuptools._vendor.jaraco'!
92134 INFO: Processing pre-safe-import-module hook 'hook-more_itertools.py' from 'C:\\Users\\30680\\scoop\\apps\\python312\\current\\Lib\\site-packages\\PyInstaller\\hooks\\pre_safe_import_module'
92135 INFO: Setuptools: 'more_itertools' appears to be a setuptools-vendored copy - creating alias to 'setuptools._vendor.more_itertools'!
92342 INFO: Processing pre-safe-import-module hook 'hook-packaging.py' from 'C:\\Users\\30680\\scoop\\apps\\python312\\current\\Lib\\site-packages\\PyInstaller\\hooks\\pre_safe_import_module'
92546 INFO: Processing standard module hook 'hook-setuptools._vendor.jaraco.text.py' from 'C:\\Users\\30680\\scoop\\apps\\python312\\current\\Lib\\site-packages\\PyInstaller\\hooks'
92548 INFO: Processing pre-safe-import-module hook 'hook-importlib_resources.py' from 'C:\\Users\\30680\\scoop\\apps\\python312\\current\\Lib\\site-packages\\PyInstaller\\hooks\\pre_safe_import_module'
92756 INFO: Processing pre-safe-import-module hook 'hook-backports.py' from 'C:\\Users\\30680\\scoop\\apps\\python312\\current\\Lib\\site-packages\\PyInstaller\\hooks\\pre_safe_import_module'
92757 INFO: Setuptools: 'backports' appears to be a partial setuptools-vendored copy - extending search paths to ['C:\\Users\\30680\\scoop\\apps\\python312\\current\\Lib\\site-packages\\setuptools\\_vendor\\backports', 'C:\\Users\\30680\\scoop\\apps\\python312\\current\\Lib\\site-packages\\backports']!
92759 INFO: Processing pre-safe-import-module hook 'hook-backports.tarfile.py' from 'C:\\Users\\30680\\scoop\\apps\\python312\\current\\Lib\\site-packages\\PyInstaller\\hooks\\pre_safe_import_module'
92761 INFO: Setuptools: 'backports.tarfile' appears to be a setuptools-vendored copy - creating alias to 'setuptools._vendor.backports.tarfile'!
92857 INFO: Processing standard module hook 'hook-backports.py' from 'C:\\Users\\30680\\scoop\\apps\\python312\\current\\Lib\\site-packages\\_pyinstaller_hooks_contrib\\stdhooks'
92932 INFO: Processing pre-safe-import-module hook 'hook-importlib_metadata.py' from 'C:\\Users\\30680\\scoop\\apps\\python312\\current\\Lib\\site-packages\\PyInstaller\\hooks\\pre_safe_import_module'
92956 INFO: Processing standard module hook 'hook-importlib_metadata.py' from 'C:\\Users\\30680\\scoop\\apps\\python312\\current\\Lib\\site-packages\\PyInstaller\\hooks'
92978 INFO: Processing pre-safe-import-module hook 'hook-zipp.py' from 'C:\\Users\\30680\\scoop\\apps\\python312\\current\\Lib\\site-packages\\PyInstaller\\hooks\\pre_safe_import_module'
93166 INFO: Processing pre-safe-import-module hook 'hook-tomli.py' from 'C:\\Users\\30680\\scoop\\apps\\python312\\current\\Lib\\site-packages\\PyInstaller\\hooks\\pre_safe_import_module'
93168 INFO: Setuptools: 'tomli' appears to be a setuptools-vendored copy - creating alias to 'setuptools._vendor.tomli'!
93704 INFO: Processing pre-safe-import-module hook 'hook-wheel.py' from 'C:\\Users\\30680\\scoop\\apps\\python312\\current\\Lib\\site-packages\\PyInstaller\\hooks\\pre_safe_import_module'
93706 INFO: Setuptools: 'wheel' appears to be a setuptools-vendored copy - creating alias to 'setuptools._vendor.wheel'!
94137 INFO: Processing standard module hook 'hook-difflib.py' from 'C:\\Users\\30680\\scoop\\apps\\python312\\current\\Lib\\site-packages\\PyInstaller\\hooks'
94579 INFO: Processing standard module hook 'hook-xml.etree.cElementTree.py' from 'C:\\Users\\30680\\scoop\\apps\\python312\\current\\Lib\\site-packages\\PyInstaller\\hooks'
94662 INFO: Processing standard module hook 'hook-cryptography.py' from 'C:\\Users\\30680\\scoop\\apps\\python312\\current\\Lib\\site-packages\\_pyinstaller_hooks_contrib\\stdhooks'
96404 INFO: hook-cryptography: cryptography does not seem to be using dynamically linked OpenSSL.
96666 INFO: Processing standard module hook 'hook-bcrypt.py' from 'C:\\Users\\30680\\scoop\\apps\\python312\\current\\Lib\\site-packages\\_pyinstaller_hooks_contrib\\stdhooks'
96676 INFO: Analyzing hidden import 'numpy'
96685 INFO: Processing standard module hook 'hook-numpy.py' from 'C:\\Users\\30680\\scoop\\apps\\python312\\current\\Lib\\site-packages\\PyInstaller\\hooks'
97346 INFO: Processing standard module hook 'hook-psutil.py' from 'C:\\Users\\30680\\scoop\\apps\\python312\\current\\Lib\\site-packages\\_pyinstaller_hooks_contrib\\stdhooks'
98542 INFO: Processing module hooks (post-graph stage)...
98544 WARNING: Hidden import "pycparser.lextab" not found!
98544 WARNING: Hidden import "pycparser.yacctab" not found!
98554 WARNING: Hidden import "sip" not found!
98645 INFO: Performing binary vs. data reclassification (183 entries)
98702 INFO: Looking for ctypes DLLs
98750 INFO: Analyzing run-time hooks ...
98755 INFO: Including run-time hook 'pyi_rth_inspect.py' from 'C:\\Users\\30680\\scoop\\apps\\python312\\current\\Lib\\site-packages\\PyInstaller\\hooks\\rthooks'
98758 INFO: Including run-time hook 'pyi_rth_pkgutil.py' from 'C:\\Users\\30680\\scoop\\apps\\python312\\current\\Lib\\site-packages\\PyInstaller\\hooks\\rthooks'
98761 INFO: Including run-time hook 'pyi_rth_multiprocessing.py' from 'C:\\Users\\30680\\scoop\\apps\\python312\\current\\Lib\\site-packages\\PyInstaller\\hooks\\rthooks'
98764 INFO: Including run-time hook 'pyi_rth_cryptography_openssl.py' from 'C:\\Users\\30680\\scoop\\apps\\python312\\current\\Lib\\site-packages\\_pyinstaller_hooks_contrib\\rthooks'
98765 INFO: Including run-time hook 'pyi_rth_setuptools.py' from 'C:\\Users\\30680\\scoop\\apps\\python312\\current\\Lib\\site-packages\\PyInstaller\\hooks\\rthooks'
98766 INFO: Including run-time hook 'pyi_rth_pyqt5.py' from 'C:\\Users\\30680\\scoop\\apps\\python312\\current\\Lib\\site-packages\\PyInstaller\\hooks\\rthooks'
98768 INFO: Processing pre-find-module-path hook 'hook-_pyi_rth_utils.py' from 'C:\\Users\\30680\\scoop\\apps\\python312\\current\\Lib\\site-packages\\PyInstaller\\hooks\\pre_find_module_path'
98771 INFO: Processing standard module hook 'hook-_pyi_rth_utils.py' from 'C:\\Users\\30680\\scoop\\apps\\python312\\current\\Lib\\site-packages\\PyInstaller\\hooks'
98798 INFO: Creating base_library.zip...
98832 INFO: Looking for dynamic libraries
C:\Users\30680\scoop\apps\python312\current\Lib\site-packages\PyInstaller\building\build_main.py:227: UserWarning: The numpy.array_api submodule is still experimental. See NEP 47.
  __import__(package)
99842 INFO: Extra DLL search directories (AddDllDirectory): ['C:\\Users\\30680\\scoop\\apps\\python312\\current\\Lib\\site-packages\\PyQt5\\Qt5\\bin', 'C:\\Users\\30680\\scoop\\apps\\python312\\current\\Lib\\site-packages\\numpy.libs']
99842 INFO: Extra DLL search directories (PATH): ['C:\\Users\\30680\\scoop\\apps\\python312\\current\\Lib\\site-packages\\PyQt5\\Qt5\\bin']
101542 INFO: Warnings written to D:\Code\ldiar\pc_apps\console\build\gl_v01_floor_r2\Console\warn-Console.txt
101602 INFO: Graph cross-reference written to D:\Code\ldiar\pc_apps\console\build\gl_v01_floor_r2\Console\xref-Console.html
101635 INFO: checking PYZ
101677 INFO: checking PKG
101681 INFO: Building because toc changed
101682 INFO: Building PKG (CArchive) Console.pkg
119076 INFO: Building PKG (CArchive) Console.pkg completed successfully.
119082 INFO: Bootloader C:\Users\30680\scoop\apps\python312\current\Lib\site-packages\PyInstaller\bootloader\Windows-64bit-intel\runw.exe
119082 INFO: checking EXE
119085 INFO: Building because toc changed
119085 INFO: Building EXE from EXE-00.toc
119092 INFO: Copying bootloader EXE to D:\Code\ldiar\pc_apps\console\dist\gl_v01_floor_r2\Console.exe
119166 INFO: Copying icon to EXE
119221 INFO: Copying 0 resources to EXE
119221 INFO: Embedding manifest in EXE
119273 INFO: Appending PKG archive to EXE
119414 INFO: Fixing EXE headers
119958 INFO: Building EXE from EXE-00.toc completed successfully.
119963 INFO: Build complete! The results are available in: D:\Code\ldiar\pc_apps\console\dist\gl_v01_floor_r2
