159 INFO: PyInstaller: 6.21.0, contrib hooks: 2026.6
160 INFO: Python: 3.12.10
205 INFO: Platform: Windows-11-10.0.26200-SP0
205 INFO: Python environment: C:\Users\30680\scoop\apps\python312\current
210 INFO: Module search paths (PYTHONPATH):
['D:\\Code\\ldiar\\pc_apps\\console',
 'C:\\Users\\30680\\scoop\\apps\\python312\\current\\python312.zip',
 'C:\\Users\\30680\\scoop\\apps\\python312\\current\\DLLs',
 'C:\\Users\\30680\\scoop\\apps\\python312\\current\\Lib',
 'C:\\Users\\30680\\scoop\\apps\\python312\\current',
 'C:\\Users\\30680\\AppData\\Roaming\\Python\\Python312\\site-packages',
 'C:\\Users\\30680\\scoop\\apps\\python312\\current\\Lib\\site-packages',
 'C:\\Users\\30680\\scoop\\apps\\python312\\current\\Lib\\site-packages\\win32',
 'C:\\Users\\30680\\scoop\\apps\\python312\\current\\Lib\\site-packages\\win32\\lib',
 'C:\\Users\\30680\\scoop\\apps\\python312\\current\\Lib\\site-packages\\pythonwin',
 'D:\\Code\\ldiar\\pc_apps\\console']
C:\Users\30680\scoop\apps\python312\current\Lib\site-packages\pygame\pkgdata.py:25: UserWarning: pkg_resources is deprecated as an API. See https://setuptools.pypa.io/en/latest/pkg_resources.html. The pkg_resources package is slated for removal as early as 2025-11-30. Refrain from using this package or pin to Setuptools<81.
  from pkg_resources import resource_stream, resource_exists
pygame 2.6.1 (SDL 2.28.4, Python 3.12.10)
Hello from the pygame community. https://www.pygame.org/contribute.html
1016 INFO: Appending 'datas' from .spec
1017 INFO: checking Analysis
1044 INFO: Building because D:\Code\ldiar\pc_apps\human_replay\leveling.py changed
1044 INFO: Looking for Python shared library...
1044 INFO: Using Python shared library: C:\Users\30680\scoop\apps\python312\current\python312.dll
1044 INFO: Running Analysis Analysis-00.toc
1044 INFO: Target bytecode optimization level: 0
1044 INFO: Initializing module dependency graph...
1045 INFO: Initializing module graph hook caches...
1060 INFO: Analyzing modules for base_library.zip ...
2683 INFO: Processing standard module hook 'hook-encodings.py' from 'C:\\Users\\30680\\scoop\\apps\\python312\\current\\Lib\\site-packages\\PyInstaller\\hooks'
3206 INFO: Processing standard module hook 'hook-math.py' from 'C:\\Users\\30680\\scoop\\apps\\python312\\current\\Lib\\site-packages\\PyInstaller\\hooks'
3401 INFO: Processing standard module hook 'hook-heapq.py' from 'C:\\Users\\30680\\scoop\\apps\\python312\\current\\Lib\\site-packages\\PyInstaller\\hooks'
4164 INFO: Processing standard module hook 'hook-pickle.py' from 'C:\\Users\\30680\\scoop\\apps\\python312\\current\\Lib\\site-packages\\PyInstaller\\hooks'
5280 INFO: Caching module dependency graph...
5332 INFO: Analyzing D:\Code\ldiar\pc_apps\console\console_gui.py
5597 INFO: Processing standard module hook 'hook-webview.py' from 'C:\\Users\\30680\\scoop\\apps\\python312\\current\\Lib\\site-packages\\webview\\__pyinstaller'
5709 INFO: Processing standard module hook 'hook-platform.py' from 'C:\\Users\\30680\\scoop\\apps\\python312\\current\\Lib\\site-packages\\PyInstaller\\hooks'
5821 INFO: Processing standard module hook 'hook-webbrowser.py' from 'C:\\Users\\30680\\scoop\\apps\\python312\\current\\Lib\\site-packages\\PyInstaller\\hooks'
6157 INFO: Processing standard module hook 'hook-multiprocessing.util.py' from 'C:\\Users\\30680\\scoop\\apps\\python312\\current\\Lib\\site-packages\\PyInstaller\\hooks'
6214 INFO: Processing standard module hook 'hook-xml.py' from 'C:\\Users\\30680\\scoop\\apps\\python312\\current\\Lib\\site-packages\\PyInstaller\\hooks'
6392 INFO: Processing standard module hook 'hook-_ctypes.py' from 'C:\\Users\\30680\\scoop\\apps\\python312\\current\\Lib\\site-packages\\PyInstaller\\hooks'
6760 INFO: Processing standard module hook 'hook-jinja2.py' from 'C:\\Users\\30680\\scoop\\apps\\python312\\current\\Lib\\site-packages\\_pyinstaller_hooks_contrib\\stdhooks'
6768 INFO: Processing pre-safe-import-module hook 'hook-typing_extensions.py' from 'C:\\Users\\30680\\scoop\\apps\\python312\\current\\Lib\\site-packages\\PyInstaller\\hooks\\pre_safe_import_module'
6771 INFO: SetuptoolsInfo: initializing cached setuptools info...
8071 INFO: Processing pre-safe-import-module hook 'hook-gi.py' from 'C:\\Users\\30680\\scoop\\apps\\python312\\current\\Lib\\site-packages\\PyInstaller\\hooks\\pre_safe_import_module'
8112 INFO: Processing standard module hook 'hook-PyQt5.py' from 'C:\\Users\\30680\\scoop\\apps\\python312\\current\\Lib\\site-packages\\PyInstaller\\hooks'
8302 INFO: Processing standard module hook 'hook-PyQt5.QtNetwork.py' from 'C:\\Users\\30680\\scoop\\apps\\python312\\current\\Lib\\site-packages\\PyInstaller\\hooks'
10336 INFO: Processing standard module hook 'hook-PyQt5.QtCore.py' from 'C:\\Users\\30680\\scoop\\apps\\python312\\current\\Lib\\site-packages\\PyInstaller\\hooks'
15102 INFO: Processing standard module hook 'hook-PyQt5.QtWidgets.py' from 'C:\\Users\\30680\\scoop\\apps\\python312\\current\\Lib\\site-packages\\PyInstaller\\hooks'
23980 INFO: Processing standard module hook 'hook-PyQt5.QtGui.py' from 'C:\\Users\\30680\\scoop\\apps\\python312\\current\\Lib\\site-packages\\PyInstaller\\hooks'
92383 INFO: Processing standard module hook 'hook-clr.py' from 'C:\\Users\\30680\\scoop\\apps\\python312\\current\\Lib\\site-packages\\pythonnet\\_pyinstaller'
92415 INFO: Processing standard module hook 'hook-clr_loader.py' from 'C:\\Users\\30680\\scoop\\apps\\python312\\current\\Lib\\site-packages\\_pyinstaller_hooks_contrib\\stdhooks'
92563 INFO: Processing standard module hook 'hook-pycparser.py' from 'C:\\Users\\30680\\scoop\\apps\\python312\\current\\Lib\\site-packages\\_pyinstaller_hooks_contrib\\stdhooks'
92734 INFO: Processing standard module hook 'hook-setuptools.py' from 'C:\\Users\\30680\\scoop\\apps\\python312\\current\\Lib\\site-packages\\PyInstaller\\hooks'
92751 INFO: Processing pre-safe-import-module hook 'hook-distutils.py' from 'C:\\Users\\30680\\scoop\\apps\\python312\\current\\Lib\\site-packages\\PyInstaller\\hooks\\pre_safe_import_module'
92844 INFO: Processing standard module hook 'hook-sysconfig.py' from 'C:\\Users\\30680\\scoop\\apps\\python312\\current\\Lib\\site-packages\\PyInstaller\\hooks'
92853 INFO: Processing pre-safe-import-module hook 'hook-jaraco.py' from 'C:\\Users\\30680\\scoop\\apps\\python312\\current\\Lib\\site-packages\\PyInstaller\\hooks\\pre_safe_import_module'
92854 INFO: Setuptools: 'jaraco' appears to be a full setuptools-vendored copy - creating alias to 'setuptools._vendor.jaraco'!
92868 INFO: Processing pre-safe-import-module hook 'hook-more_itertools.py' from 'C:\\Users\\30680\\scoop\\apps\\python312\\current\\Lib\\site-packages\\PyInstaller\\hooks\\pre_safe_import_module'
92869 INFO: Setuptools: 'more_itertools' appears to be a setuptools-vendored copy - creating alias to 'setuptools._vendor.more_itertools'!
93112 INFO: Processing pre-safe-import-module hook 'hook-packaging.py' from 'C:\\Users\\30680\\scoop\\apps\\python312\\current\\Lib\\site-packages\\PyInstaller\\hooks\\pre_safe_import_module'
93353 INFO: Processing standard module hook 'hook-setuptools._vendor.jaraco.text.py' from 'C:\\Users\\30680\\scoop\\apps\\python312\\current\\Lib\\site-packages\\PyInstaller\\hooks'
93356 INFO: Processing pre-safe-import-module hook 'hook-importlib_resources.py' from 'C:\\Users\\30680\\scoop\\apps\\python312\\current\\Lib\\site-packages\\PyInstaller\\hooks\\pre_safe_import_module'
93552 INFO: Processing pre-safe-import-module hook 'hook-backports.py' from 'C:\\Users\\30680\\scoop\\apps\\python312\\current\\Lib\\site-packages\\PyInstaller\\hooks\\pre_safe_import_module'
93554 INFO: Setuptools: 'backports' appears to be a partial setuptools-vendored copy - extending search paths to ['C:\\Users\\30680\\scoop\\apps\\python312\\current\\Lib\\site-packages\\setuptools\\_vendor\\backports', 'C:\\Users\\30680\\scoop\\apps\\python312\\current\\Lib\\site-packages\\backports']!
93556 INFO: Processing pre-safe-import-module hook 'hook-backports.tarfile.py' from 'C:\\Users\\30680\\scoop\\apps\\python312\\current\\Lib\\site-packages\\PyInstaller\\hooks\\pre_safe_import_module'
93556 INFO: Setuptools: 'backports.tarfile' appears to be a setuptools-vendored copy - creating alias to 'setuptools._vendor.backports.tarfile'!
93649 INFO: Processing standard module hook 'hook-backports.py' from 'C:\\Users\\30680\\scoop\\apps\\python312\\current\\Lib\\site-packages\\_pyinstaller_hooks_contrib\\stdhooks'
93734 INFO: Processing pre-safe-import-module hook 'hook-importlib_metadata.py' from 'C:\\Users\\30680\\scoop\\apps\\python312\\current\\Lib\\site-packages\\PyInstaller\\hooks\\pre_safe_import_module'
93759 INFO: Processing standard module hook 'hook-importlib_metadata.py' from 'C:\\Users\\30680\\scoop\\apps\\python312\\current\\Lib\\site-packages\\PyInstaller\\hooks'
93785 INFO: Processing pre-safe-import-module hook 'hook-zipp.py' from 'C:\\Users\\30680\\scoop\\apps\\python312\\current\\Lib\\site-packages\\PyInstaller\\hooks\\pre_safe_import_module'
94001 INFO: Processing pre-safe-import-module hook 'hook-tomli.py' from 'C:\\Users\\30680\\scoop\\apps\\python312\\current\\Lib\\site-packages\\PyInstaller\\hooks\\pre_safe_import_module'
94003 INFO: Setuptools: 'tomli' appears to be a setuptools-vendored copy - creating alias to 'setuptools._vendor.tomli'!
94515 INFO: Processing pre-safe-import-module hook 'hook-wheel.py' from 'C:\\Users\\30680\\scoop\\apps\\python312\\current\\Lib\\site-packages\\PyInstaller\\hooks\\pre_safe_import_module'
94516 INFO: Setuptools: 'wheel' appears to be a setuptools-vendored copy - creating alias to 'setuptools._vendor.wheel'!
94914 INFO: Processing standard module hook 'hook-difflib.py' from 'C:\\Users\\30680\\scoop\\apps\\python312\\current\\Lib\\site-packages\\PyInstaller\\hooks'
95459 INFO: Processing standard module hook 'hook-xml.etree.cElementTree.py' from 'C:\\Users\\30680\\scoop\\apps\\python312\\current\\Lib\\site-packages\\PyInstaller\\hooks'
95565 INFO: Processing standard module hook 'hook-cryptography.py' from 'C:\\Users\\30680\\scoop\\apps\\python312\\current\\Lib\\site-packages\\_pyinstaller_hooks_contrib\\stdhooks'
97541 INFO: hook-cryptography: cryptography does not seem to be using dynamically linked OpenSSL.
97955 INFO: Processing standard module hook 'hook-bcrypt.py' from 'C:\\Users\\30680\\scoop\\apps\\python312\\current\\Lib\\site-packages\\_pyinstaller_hooks_contrib\\stdhooks'
97967 INFO: Analyzing hidden import 'numpy'
97979 INFO: Processing standard module hook 'hook-numpy.py' from 'C:\\Users\\30680\\scoop\\apps\\python312\\current\\Lib\\site-packages\\PyInstaller\\hooks'
98832 INFO: Processing standard module hook 'hook-psutil.py' from 'C:\\Users\\30680\\scoop\\apps\\python312\\current\\Lib\\site-packages\\_pyinstaller_hooks_contrib\\stdhooks'
100158 INFO: Processing module hooks (post-graph stage)...
100160 WARNING: Hidden import "pycparser.lextab" not found!
100160 WARNING: Hidden import "pycparser.yacctab" not found!
100170 WARNING: Hidden import "sip" not found!
100268 INFO: Performing binary vs. data reclassification (183 entries)
100332 INFO: Looking for ctypes DLLs
100386 INFO: Analyzing run-time hooks ...
100392 INFO: Including run-time hook 'pyi_rth_inspect.py' from 'C:\\Users\\30680\\scoop\\apps\\python312\\current\\Lib\\site-packages\\PyInstaller\\hooks\\rthooks'
100396 INFO: Including run-time hook 'pyi_rth_pkgutil.py' from 'C:\\Users\\30680\\scoop\\apps\\python312\\current\\Lib\\site-packages\\PyInstaller\\hooks\\rthooks'
100399 INFO: Including run-time hook 'pyi_rth_multiprocessing.py' from 'C:\\Users\\30680\\scoop\\apps\\python312\\current\\Lib\\site-packages\\PyInstaller\\hooks\\rthooks'
100402 INFO: Including run-time hook 'pyi_rth_cryptography_openssl.py' from 'C:\\Users\\30680\\scoop\\apps\\python312\\current\\Lib\\site-packages\\_pyinstaller_hooks_contrib\\rthooks'
100403 INFO: Including run-time hook 'pyi_rth_setuptools.py' from 'C:\\Users\\30680\\scoop\\apps\\python312\\current\\Lib\\site-packages\\PyInstaller\\hooks\\rthooks'
100406 INFO: Including run-time hook 'pyi_rth_pyqt5.py' from 'C:\\Users\\30680\\scoop\\apps\\python312\\current\\Lib\\site-packages\\PyInstaller\\hooks\\rthooks'
100409 INFO: Processing pre-find-module-path hook 'hook-_pyi_rth_utils.py' from 'C:\\Users\\30680\\scoop\\apps\\python312\\current\\Lib\\site-packages\\PyInstaller\\hooks\\pre_find_module_path'
100413 INFO: Processing standard module hook 'hook-_pyi_rth_utils.py' from 'C:\\Users\\30680\\scoop\\apps\\python312\\current\\Lib\\site-packages\\PyInstaller\\hooks'
100442 INFO: Creating base_library.zip...
100470 INFO: Looking for dynamic libraries
C:\Users\30680\scoop\apps\python312\current\Lib\site-packages\PyInstaller\building\build_main.py:227: UserWarning: The numpy.array_api submodule is still experimental. See NEP 47.
  __import__(package)
101460 INFO: Extra DLL search directories (AddDllDirectory): ['C:\\Users\\30680\\scoop\\apps\\python312\\current\\Lib\\site-packages\\PyQt5\\Qt5\\bin', 'C:\\Users\\30680\\scoop\\apps\\python312\\current\\Lib\\site-packages\\numpy.libs']
101460 INFO: Extra DLL search directories (PATH): ['C:\\Users\\30680\\scoop\\apps\\python312\\current\\Lib\\site-packages\\PyQt5\\Qt5\\bin']
103436 INFO: Warnings written to D:\Code\ldiar\pc_apps\console\build\gl_v01_floor_r2\Console\warn-Console.txt
103500 INFO: Graph cross-reference written to D:\Code\ldiar\pc_apps\console\build\gl_v01_floor_r2\Console\xref-Console.html
103536 INFO: checking PYZ
103585 INFO: checking PKG
103604 INFO: Building because toc changed
103604 INFO: Building PKG (CArchive) Console.pkg
125847 INFO: Building PKG (CArchive) Console.pkg completed successfully.
125855 INFO: Bootloader C:\Users\30680\scoop\apps\python312\current\Lib\site-packages\PyInstaller\bootloader\Windows-64bit-intel\runw.exe
125855 INFO: checking EXE
125881 INFO: Building because toc changed
125881 INFO: Building EXE from EXE-00.toc
125889 INFO: Copying bootloader EXE to D:\Code\ldiar\pc_apps\console\dist\gl_v01_floor_r2\Console.exe
125970 INFO: Copying icon to EXE
126026 INFO: Copying 0 resources to EXE
126027 INFO: Embedding manifest in EXE
126078 INFO: Appending PKG archive to EXE
126231 INFO: Fixing EXE headers
126823 INFO: Building EXE from EXE-00.toc completed successfully.
126830 INFO: Build complete! The results are available in: D:\Code\ldiar\pc_apps\console\dist\gl_v01_floor_r2
