AUTO_ANCHOR sid=cap_20261004_202456 pitch=26.9265 roll=-1.2585 d=1.33222 support=0.3190 Δpitch=0.3033 Δroll=0.1362 Δd=0.01032
AUTO_ANCHOR sid=cap_20261004_203349 pitch=26.9459 roll=-0.8432 d=1.34130 support=0.3105 Δpitch=0.3226 Δroll=0.5514 Δd=0.01939
.....................[21:50:10] "GET /api/leveling/sessions HTTP/1.1" 200 -
[21:50:10] "GET /api/leveling/source?sid=cap_20990101_000001 HTTP/1.1" 200 -
[21:50:10] "POST /api/leveling/run HTTP/1.1" 400 -
[21:50:10] "POST /api/leveling/run HTTP/1.1" 409 -
[21:50:10] "POST /api/leveling/run HTTP/1.1" 202 -
[21:50:10] "GET /api/leveling/job?id=eee2154f858d4a18bf35fb4815397f3f HTTP/1.1" 200 -
[21:50:10] "GET /api/leveling/job?id=eee2154f858d4a18bf35fb4815397f3f HTTP/1.1" 200 -
[21:50:11] "GET /api/leveling/job?id=eee2154f858d4a18bf35fb4815397f3f HTTP/1.1" 200 -
[21:50:11] "GET /api/leveling/job?id=eee2154f858d4a18bf35fb4815397f3f HTTP/1.1" 200 -
[21:50:11] "GET /api/leveling/job?id=eee2154f858d4a18bf35fb4815397f3f HTTP/1.1" 200 -
[21:50:11] "GET /api/leveling/job?id=eee2154f858d4a18bf35fb4815397f3f HTTP/1.1" 200 -
[21:50:11] "GET /api/leveling/job?id=eee2154f858d4a18bf35fb4815397f3f HTTP/1.1" 200 -
[21:50:11] "GET /api/leveling/artifact?id=eee2154f858d4a18bf35fb4815397f3f&method=tls&name=dataset.zip HTTP/1.1" 200 -
[21:50:11] "POST /api/leveling/run HTTP/1.1" 202 -
[21:50:11] "GET /api/leveling/job?id=2a8d34ee23b9404f9e884f52f224cd26 HTTP/1.1" 200 -
[21:50:11] "POST /api/leveling/run HTTP/1.1" 202 -
[21:50:11] "GET /api/leveling/job?id=9921999863044b198006a17b47afacaf HTTP/1.1" 200 -
[21:50:11] "GET /api/leveling/job?id=9921999863044b198006a17b47afacaf HTTP/1.1" 200 -
[21:50:11] "GET /api/leveling/job?id=9921999863044b198006a17b47afacaf HTTP/1.1" 200 -
[21:50:11] "POST /api/leveling/run HTTP/1.1" 202 -
[21:50:11] "GET /api/leveling/job?id=5d6852fe553d40518c73022adef04f12 HTTP/1.1" 200 -
[21:50:12] "GET /api/leveling/job?id=5d6852fe553d40518c73022adef04f12 HTTP/1.1" 200 -
[21:50:12] "GET /api/leveling/job?id=5d6852fe553d40518c73022adef04f12 HTTP/1.1" 200 -
[21:50:12] "GET /api/leveling/job?id=5d6852fe553d40518c73022adef04f12 HTTP/1.1" 200 -
[21:50:12] "GET /api/leveling/job?id=5d6852fe553d40518c73022adef04f12 HTTP/1.1" 200 -
[21:50:12] "GET /api/leveling/job?id=5d6852fe553d40518c73022adef04f12 HTTP/1.1" 200 -
[21:50:12] "GET /api/leveling/job?id=5d6852fe553d40518c73022adef04f12 HTTP/1.1" 200 -
[21:50:12] "GET /api/leveling/job?id=5d6852fe553d40518c73022adef04f12 HTTP/1.1" 200 -
[21:50:12] "GET /api/leveling/job?id=5d6852fe553d40518c73022adef04f12 HTTP/1.1" 200 -
[21:50:12] "GET /api/leveling/job?id=5d6852fe553d40518c73022adef04f12 HTTP/1.1" 200 -
[21:50:12] "GET /api/leveling/job?id=5d6852fe553d40518c73022adef04f12 HTTP/1.1" 200 -
[21:50:12] "GET /api/leveling/job?id=5d6852fe553d40518c73022adef04f12 HTTP/1.1" 200 -
[21:50:12] "GET /api/leveling/job?id=5d6852fe553d40518c73022adef04f12 HTTP/1.1" 200 -
[21:50:12] "GET /api/leveling/job?id=5d6852fe553d40518c73022adef04f12 HTTP/1.1" 200 -
[21:50:12] "GET /api/leveling/job?id=5d6852fe553d40518c73022adef04f12 HTTP/1.1" 200 -
[21:50:13] "GET /api/leveling/job?id=5d6852fe553d40518c73022adef04f12 HTTP/1.1" 200 -
[21:50:13] "GET /api/leveling/job?id=5d6852fe553d40518c73022adef04f12 HTTP/1.1" 200 -
[21:50:13] "GET /api/leveling/job?id=5d6852fe553d40518c73022adef04f12 HTTP/1.1" 200 -
[21:50:13] "GET /api/leveling/job?id=5d6852fe553d40518c73022adef04f12 HTTP/1.1" 200 -
[21:50:13] "GET /api/leveling/job?id=5d6852fe553d40518c73022adef04f12 HTTP/1.1" 200 -
[21:50:13] "GET /api/leveling/job?id=5d6852fe553d40518c73022adef04f12 HTTP/1.1" 200 -
[21:50:13] "GET /api/leveling/job?id=5d6852fe553d40518c73022adef04f12 HTTP/1.1" 200 -
[21:50:13] "GET /api/leveling/job?id=5d6852fe553d40518c73022adef04f12 HTTP/1.1" 200 -
[21:50:13] "GET /api/leveling/job?id=5d6852fe553d40518c73022adef04f12 HTTP/1.1" 200 -
[21:50:13] "GET /api/leveling/leveled_latest?sid=cap_20990101_000002 HTTP/1.1" 200 -
[21:50:13] "GET /api/leveling/leveled_latest?sid=nonexistent_ HTTP/1.1" 404 -
....[21:50:15] "GET /api/validation/latest?sid=cap_20261004_202456 HTTP/1.1" 200 -
[21:50:15] "GET /api/validation/job?id=27f870c6c7be43f4b9dc50121a5fc03f&sid=cap_20261004_202456 HTTP/1.1" 200 -
[21:50:15] "GET /api/validation/artifact?id=27f870c6c7be43f4b9dc50121a5fc03f&method=tls&name=points.bin&sid=cap_20261004_202456 HTTP/1.1" 200 -
[21:50:15] "GET /api/validation/source?sid=cap_outside HTTP/1.1" 400 -
[21:50:15] "GET /api/validation/latest?sid=cap_outside HTTP/1.1" 400 -
[21:50:15] "GET /api/validation/job?id=27f870c6c7be43f4b9dc50121a5fc03f&sid=cap_20261004_203349 HTTP/1.1" 400 -
[21:50:15] "GET /api/validation/artifact?id=27f870c6c7be43f4b9dc50121a5fc03f&method=tls&name=../points.bin HTTP/1.1" 400 -
[21:50:15] "POST /api/validation/run HTTP/1.1" 400 -
[21:50:15] "POST /api/validation/run HTTP/1.1" 400 -
[21:50:15] "GET /api/validation/artifact?id=27f870c6c7be43f4b9dc50121a5fc03f&method=tls&name=points.bin&sid=cap_20261004_202456 HTTP/1.1" 400 -
.......[21:51:42] "GET /api/sessions?scope=local HTTP/1.1" 200 -
[21:51:42] "GET /api/file?sid=cap_20261005_120000&name=points.bin HTTP/1.1" 200 -
[21:51:42] "GET /api/file?sid=cap_20261005_120000&name=meta.json HTTP/1.1" 200 -
[21:51:42] "GET /api/sessions HTTP/1.1" 200 -
[21:51:42] "GET /api/sessions HTTP/1.1" 200 -
.......
----------------------------------------------------------------------
Ran 39 tests in 117.179s

OK
