=== GL-B 前置：A 专项 ===
test_required_region_fail_and_mixed_geometry_AGL_B_04 (test_agl_b_quality.AglBQualityTest.test_required_region_fail_and_mixed_geometry_AGL_B_04) ... ok
test_score_bounds_monotonicity_and_config_relations_AGL_B_03 (test_agl_b_quality.AglBQualityTest.test_score_bounds_monotonicity_and_config_relations_AGL_B_03) ... ok
test_traceability_binding_no_stale_leak_AGL_B_05 (test_agl_b_quality.AglBQualityTest.test_traceability_binding_no_stale_leak_AGL_B_05) ... ok
test_cap_reasons_and_p02_current_angle_AGL_C_05 (test_agl_c_consensus.AglCConsensusTest.test_cap_reasons_and_p02_current_angle_AGL_C_05) ... ok
test_family_aware_and_numeric_visibility_AGL_C_03 (test_agl_c_consensus.AglCConsensusTest.test_family_aware_and_numeric_visibility_AGL_C_03) ... ok
test_nontransitive_order_and_tie_AGL_C_04 (test_agl_c_consensus.AglCConsensusTest.test_nontransitive_order_and_tie_AGL_C_04) ... ok
test_pairwise_oracle_flip_and_binding_AGL_C_01 (test_agl_c_consensus.AglCConsensusTest.test_pairwise_oracle_flip_and_binding_AGL_C_01) ... ok
test_status_matrix_and_pair_boundaries_AGL_C_02 (test_agl_c_consensus.AglCConsensusTest.test_status_matrix_and_pair_boundaries_AGL_C_02) ... ok
test_config_refusals_AGL_D_S01 (test_agl_d_controller.AglDControllerTest.test_config_refusals_AGL_D_S01) ... ok
test_epoch_freeze_unfreeze_lifecycle_AGL_D_05 (test_agl_d_controller.AglDControllerTest.test_epoch_freeze_unfreeze_lifecycle_AGL_D_05) ... ok
test_events_json_and_determinism_AGL_D_06 (test_agl_d_controller.AglDControllerTest.test_events_json_and_determinism_AGL_D_06) ... ok
test_filter_rate_limits_and_bad_no_pollution_AGL_D_02 (test_agl_d_controller.AglDControllerTest.test_filter_rate_limits_and_bad_no_pollution_AGL_D_02) ... ok
test_hold_invariants_jump_reject_and_age_AGL_D_03 (test_agl_d_controller.AglDControllerTest.test_hold_invariants_jump_reject_and_age_AGL_D_03) ... ok
test_init_acquisition_and_first_stable_AGL_D_01 (test_agl_d_controller.AglDControllerTest.test_init_acquisition_and_first_stable_AGL_D_01) ... ok
test_recovery_rebase_and_no_ema_swallow_AGL_D_04 (test_agl_d_controller.AglDControllerTest.test_recovery_rebase_and_no_ema_swallow_AGL_D_04) ... ok
test_frame_report_and_historical_failures_AGL_E_05 (test_agl_e_offline.AglEOfflineTest.test_frame_report_and_historical_failures_AGL_E_05) ... ok
test_gt_transform_gauge_inverse_invariance_AGL_E_01 (test_agl_e_offline.AglEOfflineTest.test_gt_transform_gauge_inverse_invariance_AGL_E_01) ... ok
test_physical_reference_readonly_AGL_E_04 (test_agl_e_offline.AglEOfflineTest.test_physical_reference_readonly_AGL_E_04) ... ok
test_reference_fallback_hold_and_bad_model_AGL_E_03 (test_agl_e_offline.AglEOfflineTest.test_reference_fallback_hold_and_bad_model_AGL_E_03) ... ok
test_source_binding_invalid_rows_and_sampling_AGL_E_02 (test_agl_e_offline.AglEOfflineTest.test_source_binding_invalid_rows_and_sampling_AGL_E_02) ... ok

----------------------------------------------------------------------
Ran 30 tests in 24.493s

OK

=== GL-B 前置：全量回归 ===
{"output": "C:\\Users\\30680\\AppData\\Local\\Temp\\tmp4gguse1p\\geometry.json", "status": "valid", "reason": null, "points": 6000, "sensor_height_m": 1.3500174455562817, "tilt_rad": 1.9712242579581453e-05}
wrote C:\Users\30680\AppData\Local\Temp\tmpza6vmn2h\a.json
wrote C:\Users\30680\AppData\Local\Temp\tmpza6vmn2h\b.json
wrote C:\Users\30680\AppData\Local\Temp\tmpotjmkq41\a.json (no_data)
wrote C:\Users\30680\AppData\Local\Temp\tmpotjmkq41\b.json (no_data)
Ran 504 tests in 56.055s, OK (exit 0)
